<?xml version="1.0" encoding="ISO-8859-1" ?>
<link_info>
   <banner>TI ARM Linker PC v18.1.2.LTS</banner>
   <copyright>Copyright (c) 1996-2017 Texas Instruments Incorporated</copyright>
   <link_time>0x5fe0d1dc</link_time>
   <link_errors>0x0</link_errors>
   <output_file>motor_control_tiva1294.out</output_file>
   <entry_point>
      <name>_c_int00_noargs</name>
      <address>0x5691</address>
   </entry_point>
   <input_file_list>
      <input_file id="fl-2">
         <path>.\</path>
         <kind>object</kind>
         <file>ff.obj</file>
         <name>ff.obj</name>
      </input_file>
      <input_file id="fl-3">
         <path>.\</path>
         <kind>object</kind>
         <file>mmc-ek-tm4c1294xl.obj</file>
         <name>mmc-ek-tm4c1294xl.obj</name>
      </input_file>
      <input_file id="fl-4">
         <path>.\</path>
         <kind>object</kind>
         <file>motor_control_201221.obj</file>
         <name>motor_control_201221.obj</name>
      </input_file>
      <input_file id="fl-5">
         <path>.\</path>
         <kind>object</kind>
         <file>tm4c1294ncpdt_startup_ccs.obj</file>
         <name>tm4c1294ncpdt_startup_ccs.obj</name>
      </input_file>
      <input_file id="fl-6">
         <path>.\</path>
         <kind>object</kind>
         <file>uartstdio.obj</file>
         <name>uartstdio.obj</name>
      </input_file>
      <input_file id="fl-b">
         <kind>object</kind>
         <file>&lt;internal&gt;</file>
         <name>&lt;internal&gt;</name>
      </input_file>
      <input_file id="fl-c1">
         <path>C:\ti\ccsv8\tools\compiler\ti-cgt-arm_18.1.2.LTS\lib\</path>
         <kind>archive</kind>
         <file>rtsv7M4_T_le_v4SPD16_eabi.lib</file>
         <name>u_divt2.asm.obj</name>
      </input_file>
      <input_file id="fl-c2">
         <path>C:\ti\ccsv8\tools\compiler\ti-cgt-arm_18.1.2.LTS\lib\</path>
         <kind>archive</kind>
         <file>rtsv7M4_T_le_v4SPD16_eabi.lib</file>
         <name>fd_cmp_t2.asm.obj</name>
      </input_file>
      <input_file id="fl-c3">
         <path>C:\ti\ccsv8\tools\compiler\ti-cgt-arm_18.1.2.LTS\lib\</path>
         <kind>archive</kind>
         <file>rtsv7M4_T_le_v4SPD16_eabi.lib</file>
         <name>fd_mul_t2.asm.obj</name>
      </input_file>
      <input_file id="fl-c4">
         <path>C:\ti\ccsv8\tools\compiler\ti-cgt-arm_18.1.2.LTS\lib\</path>
         <kind>archive</kind>
         <file>rtsv7M4_T_le_v4SPD16_eabi.lib</file>
         <name>fd_toi_t2.asm.obj</name>
      </input_file>
      <input_file id="fl-c5">
         <path>C:\ti\ccsv8\tools\compiler\ti-cgt-arm_18.1.2.LTS\lib\</path>
         <kind>archive</kind>
         <file>rtsv7M4_T_le_v4SPD16_eabi.lib</file>
         <name>i_tofd_t2.asm.obj</name>
      </input_file>
      <input_file id="fl-c6">
         <path>C:\ti\ccsv8\tools\compiler\ti-cgt-arm_18.1.2.LTS\lib\</path>
         <kind>archive</kind>
         <file>rtsv7M4_T_le_v4SPD16_eabi.lib</file>
         <name>copy_zero_init.c.obj</name>
      </input_file>
      <input_file id="fl-c7">
         <path>C:\ti\ccsv8\tools\compiler\ti-cgt-arm_18.1.2.LTS\lib\</path>
         <kind>archive</kind>
         <file>rtsv7M4_T_le_v4SPD16_eabi.lib</file>
         <name>copy_decompress_none.c.obj</name>
      </input_file>
      <input_file id="fl-c8">
         <path>C:\ti\ccsv8\tools\compiler\ti-cgt-arm_18.1.2.LTS\lib\</path>
         <kind>archive</kind>
         <file>rtsv7M4_T_le_v4SPD16_eabi.lib</file>
         <name>copy_decompress_lzss.c.obj</name>
      </input_file>
      <input_file id="fl-c9">
         <path>C:\ti\ccsv8\tools\compiler\ti-cgt-arm_18.1.2.LTS\lib\</path>
         <kind>archive</kind>
         <file>rtsv7M4_T_le_v4SPD16_eabi.lib</file>
         <name>boot_cortex_m.c.obj</name>
      </input_file>
      <input_file id="fl-ca">
         <path>C:\ti\ccsv8\tools\compiler\ti-cgt-arm_18.1.2.LTS\lib\</path>
         <kind>archive</kind>
         <file>rtsv7M4_T_le_v4SPD16_eabi.lib</file>
         <name>exit.c.obj</name>
      </input_file>
      <input_file id="fl-cb">
         <path>C:\ti\ccsv8\tools\compiler\ti-cgt-arm_18.1.2.LTS\lib\</path>
         <kind>archive</kind>
         <file>rtsv7M4_T_le_v4SPD16_eabi.lib</file>
         <name>_lock.c.obj</name>
      </input_file>
      <input_file id="fl-cc">
         <path>C:\ti\ccsv8\tools\compiler\ti-cgt-arm_18.1.2.LTS\lib\</path>
         <kind>archive</kind>
         <file>rtsv7M4_T_le_v4SPD16_eabi.lib</file>
         <name>args_main.c.obj</name>
      </input_file>
      <input_file id="fl-cd">
         <path>C:\ti\ccsv8\tools\compiler\ti-cgt-arm_18.1.2.LTS\lib\</path>
         <kind>archive</kind>
         <file>rtsv7M4_T_le_v4SPD16_eabi.lib</file>
         <name>sprintf.c.obj</name>
      </input_file>
      <input_file id="fl-ce">
         <path>C:\ti\ccsv8\tools\compiler\ti-cgt-arm_18.1.2.LTS\lib\</path>
         <kind>archive</kind>
         <file>rtsv7M4_T_le_v4SPD16_eabi.lib</file>
         <name>sscanf.c.obj</name>
      </input_file>
      <input_file id="fl-cf">
         <path>C:\ti\ccsv8\tools\compiler\ti-cgt-arm_18.1.2.LTS\lib\</path>
         <kind>archive</kind>
         <file>rtsv7M4_T_le_v4SPD16_eabi.lib</file>
         <name>div0.asm.obj</name>
      </input_file>
      <input_file id="fl-d0">
         <path>C:\ti\ccsv8\tools\compiler\ti-cgt-arm_18.1.2.LTS\lib\</path>
         <kind>archive</kind>
         <file>rtsv7M4_T_le_v4SPD16_eabi.lib</file>
         <name>memset_t2.asm.obj</name>
      </input_file>
      <input_file id="fl-d1">
         <path>C:\ti\ccsv8\tools\compiler\ti-cgt-arm_18.1.2.LTS\lib\</path>
         <kind>archive</kind>
         <file>rtsv7M4_T_le_v4SPD16_eabi.lib</file>
         <name>memcpy_t2.asm.obj</name>
      </input_file>
      <input_file id="fl-d2">
         <path>C:\ti\ccsv8\tools\compiler\ti-cgt-arm_18.1.2.LTS\lib\</path>
         <kind>archive</kind>
         <file>rtsv7M4_T_le_v4SPD16_eabi.lib</file>
         <name>autoinit.c.obj</name>
      </input_file>
      <input_file id="fl-d3">
         <path>C:\ti\ccsv8\tools\compiler\ti-cgt-arm_18.1.2.LTS\lib\</path>
         <kind>archive</kind>
         <file>rtsv7M4_T_le_v4SPD16_eabi.lib</file>
         <name>pre_init.c.obj</name>
      </input_file>
      <input_file id="fl-d4">
         <path>C:\ti\ccsv8\tools\compiler\ti-cgt-arm_18.1.2.LTS\lib\</path>
         <kind>archive</kind>
         <file>rtsv7M4_T_le_v4SPD16_eabi.lib</file>
         <name>cpy_tbl.c.obj</name>
      </input_file>
      <input_file id="fl-d5">
         <path>C:\ti\ccsv8\tools\compiler\ti-cgt-arm_18.1.2.LTS\lib\</path>
         <kind>archive</kind>
         <file>rtsv7M4_T_le_v4SPD16_eabi.lib</file>
         <name>_printfi.c.obj</name>
      </input_file>
      <input_file id="fl-d6">
         <path>C:\ti\ccsv8\tools\compiler\ti-cgt-arm_18.1.2.LTS\lib\</path>
         <kind>archive</kind>
         <file>rtsv7M4_T_le_v4SPD16_eabi.lib</file>
         <name>_scanfi.c.obj</name>
      </input_file>
      <input_file id="fl-d7">
         <path>C:\ti\ccsv8\tools\compiler\ti-cgt-arm_18.1.2.LTS\lib\</path>
         <kind>archive</kind>
         <file>rtsv7M4_T_le_v4SPD16_eabi.lib</file>
         <name>atoi.c.obj</name>
      </input_file>
      <input_file id="fl-d8">
         <path>C:\ti\ccsv8\tools\compiler\ti-cgt-arm_18.1.2.LTS\lib\</path>
         <kind>archive</kind>
         <file>rtsv7M4_T_le_v4SPD16_eabi.lib</file>
         <name>ctype.c.obj</name>
      </input_file>
      <input_file id="fl-d9">
         <path>C:\ti\ccsv8\tools\compiler\ti-cgt-arm_18.1.2.LTS\lib\</path>
         <kind>archive</kind>
         <file>rtsv7M4_T_le_v4SPD16_eabi.lib</file>
         <name>ltoa.c.obj</name>
      </input_file>
      <input_file id="fl-da">
         <path>C:\ti\ccsv8\tools\compiler\ti-cgt-arm_18.1.2.LTS\lib\</path>
         <kind>archive</kind>
         <file>rtsv7M4_T_le_v4SPD16_eabi.lib</file>
         <name>memccpy.c.obj</name>
      </input_file>
      <input_file id="fl-db">
         <path>C:\ti\ccsv8\tools\compiler\ti-cgt-arm_18.1.2.LTS\lib\</path>
         <kind>archive</kind>
         <file>rtsv7M4_T_le_v4SPD16_eabi.lib</file>
         <name>strchr.c.obj</name>
      </input_file>
      <input_file id="fl-dc">
         <path>C:\ti\ccsv8\tools\compiler\ti-cgt-arm_18.1.2.LTS\lib\</path>
         <kind>archive</kind>
         <file>rtsv7M4_T_le_v4SPD16_eabi.lib</file>
         <name>strcpy.c.obj</name>
      </input_file>
      <input_file id="fl-dd">
         <path>C:\ti\ccsv8\tools\compiler\ti-cgt-arm_18.1.2.LTS\lib\</path>
         <kind>archive</kind>
         <file>rtsv7M4_T_le_v4SPD16_eabi.lib</file>
         <name>strlen.c.obj</name>
      </input_file>
      <input_file id="fl-de">
         <path>C:\ti\ccsv8\tools\compiler\ti-cgt-arm_18.1.2.LTS\lib\</path>
         <kind>archive</kind>
         <file>rtsv7M4_T_le_v4SPD16_eabi.lib</file>
         <name>strrchr.c.obj</name>
      </input_file>
      <input_file id="fl-df">
         <path>C:\ti\ccsv8\tools\compiler\ti-cgt-arm_18.1.2.LTS\lib\</path>
         <kind>archive</kind>
         <file>rtsv7M4_T_le_v4SPD16_eabi.lib</file>
         <name>strtod.c.obj</name>
      </input_file>
      <input_file id="fl-e0">
         <path>C:\ti\ccsv8\tools\compiler\ti-cgt-arm_18.1.2.LTS\lib\</path>
         <kind>archive</kind>
         <file>rtsv7M4_T_le_v4SPD16_eabi.lib</file>
         <name>strtol.c.obj</name>
      </input_file>
      <input_file id="fl-e1">
         <path>C:\ti\ccsv8\tools\compiler\ti-cgt-arm_18.1.2.LTS\lib\</path>
         <kind>archive</kind>
         <file>rtsv7M4_T_le_v4SPD16_eabi.lib</file>
         <name>strtoll.c.obj</name>
      </input_file>
      <input_file id="fl-e2">
         <path>C:\ti\ccsv8\tools\compiler\ti-cgt-arm_18.1.2.LTS\lib\</path>
         <kind>archive</kind>
         <file>rtsv7M4_T_le_v4SPD16_eabi.lib</file>
         <name>strtoul.c.obj</name>
      </input_file>
      <input_file id="fl-e3">
         <path>C:\ti\ccsv8\tools\compiler\ti-cgt-arm_18.1.2.LTS\lib\</path>
         <kind>archive</kind>
         <file>rtsv7M4_T_le_v4SPD16_eabi.lib</file>
         <name>strtoull.c.obj</name>
      </input_file>
      <input_file id="fl-e4">
         <path>C:\ti\ccsv8\tools\compiler\ti-cgt-arm_18.1.2.LTS\lib\</path>
         <kind>archive</kind>
         <file>rtsv7M4_T_le_v4SPD16_eabi.lib</file>
         <name>s_frexp.c.obj</name>
      </input_file>
      <input_file id="fl-e5">
         <path>C:\ti\ccsv8\tools\compiler\ti-cgt-arm_18.1.2.LTS\lib\</path>
         <kind>archive</kind>
         <file>rtsv7M4_T_le_v4SPD16_eabi.lib</file>
         <name>s_scalbn.c.obj</name>
      </input_file>
      <input_file id="fl-e6">
         <path>C:\ti\ccsv8\tools\compiler\ti-cgt-arm_18.1.2.LTS\lib\</path>
         <kind>archive</kind>
         <file>rtsv7M4_T_le_v4SPD16_eabi.lib</file>
         <name>s_copysign.c.obj</name>
      </input_file>
      <input_file id="fl-e7">
         <path>C:\ti\ccsv8\tools\compiler\ti-cgt-arm_18.1.2.LTS\lib\</path>
         <kind>archive</kind>
         <file>rtsv7M4_T_le_v4SPD16_eabi.lib</file>
         <name>wcslen.c.obj</name>
      </input_file>
      <input_file id="fl-e8">
         <path>C:\ti\ccsv8\tools\compiler\ti-cgt-arm_18.1.2.LTS\lib\</path>
         <kind>archive</kind>
         <file>rtsv7M4_T_le_v4SPD16_eabi.lib</file>
         <name>fd_add_t2.asm.obj</name>
      </input_file>
      <input_file id="fl-e9">
         <path>C:\ti\ccsv8\tools\compiler\ti-cgt-arm_18.1.2.LTS\lib\</path>
         <kind>archive</kind>
         <file>rtsv7M4_T_le_v4SPD16_eabi.lib</file>
         <name>fd_div_t2.asm.obj</name>
      </input_file>
      <input_file id="fl-ea">
         <path>C:\ti\ccsv8\tools\compiler\ti-cgt-arm_18.1.2.LTS\lib\</path>
         <kind>archive</kind>
         <file>rtsv7M4_T_le_v4SPD16_eabi.lib</file>
         <name>fd_tos_t2.asm.obj</name>
      </input_file>
      <input_file id="fl-eb">
         <path>C:\ti\ccsv8\tools\compiler\ti-cgt-arm_18.1.2.LTS\lib\</path>
         <kind>archive</kind>
         <file>rtsv7M4_T_le_v4SPD16_eabi.lib</file>
         <name>ll_mul_t2.asm.obj</name>
      </input_file>
      <input_file id="fl-ec">
         <path>C:\ti\ccsv8\tools\compiler\ti-cgt-arm_18.1.2.LTS\lib\</path>
         <kind>archive</kind>
         <file>rtsv7M4_T_le_v4SPD16_eabi.lib</file>
         <name>ull_div_t2.asm.obj</name>
      </input_file>
      <input_file id="fl-ed">
         <path>C:\ti\ccsv8\tools\compiler\ti-cgt-arm_18.1.2.LTS\lib\</path>
         <kind>archive</kind>
         <file>rtsv7M4_T_le_v4SPD16_eabi.lib</file>
         <name>errno.c.obj</name>
      </input_file>
      <input_file id="fl-ee">
         <path>D:\tivaware\driverlib\ccs\Debug\</path>
         <kind>archive</kind>
         <file>driverlib.lib</file>
         <name>gpio.obj</name>
      </input_file>
      <input_file id="fl-ef">
         <path>D:\tivaware\driverlib\ccs\Debug\</path>
         <kind>archive</kind>
         <file>driverlib.lib</file>
         <name>interrupt.obj</name>
      </input_file>
      <input_file id="fl-f0">
         <path>D:\tivaware\driverlib\ccs\Debug\</path>
         <kind>archive</kind>
         <file>driverlib.lib</file>
         <name>pwm.obj</name>
      </input_file>
      <input_file id="fl-f1">
         <path>D:\tivaware\driverlib\ccs\Debug\</path>
         <kind>archive</kind>
         <file>driverlib.lib</file>
         <name>qei.obj</name>
      </input_file>
      <input_file id="fl-f2">
         <path>D:\tivaware\driverlib\ccs\Debug\</path>
         <kind>archive</kind>
         <file>driverlib.lib</file>
         <name>sysctl.obj</name>
      </input_file>
      <input_file id="fl-f3">
         <path>D:\tivaware\driverlib\ccs\Debug\</path>
         <kind>archive</kind>
         <file>driverlib.lib</file>
         <name>systick.obj</name>
      </input_file>
      <input_file id="fl-f4">
         <path>D:\tivaware\driverlib\ccs\Debug\</path>
         <kind>archive</kind>
         <file>driverlib.lib</file>
         <name>timer.obj</name>
      </input_file>
      <input_file id="fl-f5">
         <path>D:\tivaware\driverlib\ccs\Debug\</path>
         <kind>archive</kind>
         <file>driverlib.lib</file>
         <name>cpu.obj</name>
      </input_file>
   </input_file_list>
   <object_component_list>
      <object_component id="oc-f">
         <name>.intvecs</name>
         <load_address>0x0</load_address>
         <run_address>0x0</run_address>
         <size>0x208</size>
         <input_file_ref idref="fl-5"/>
      </object_component>
      <object_component id="oc-368">
         <name>.text:__TI_scanfi</name>
         <load_address>0x208</load_address>
         <run_address>0x208</run_address>
         <size>0xaf0</size>
         <input_file_ref idref="fl-d6"/>
      </object_component>
      <object_component id="oc-3af">
         <name>.text:__TI_printfi</name>
         <load_address>0xcf8</load_address>
         <run_address>0xcf8</run_address>
         <size>0xa5e</size>
         <input_file_ref idref="fl-d5"/>
      </object_component>
      <object_component id="oc-30">
         <name>.text:FaultISR</name>
         <load_address>0x1756</load_address>
         <run_address>0x1756</run_address>
         <size>0x2</size>
         <input_file_ref idref="fl-5"/>
      </object_component>
      <object_component id="oc-4b0">
         <name>.text:strtod</name>
         <load_address>0x1758</load_address>
         <run_address>0x1758</run_address>
         <size>0x460</size>
         <input_file_ref idref="fl-df"/>
      </object_component>
      <object_component id="oc-308">
         <name>.text:chk_mounted</name>
         <load_address>0x1bb8</load_address>
         <run_address>0x1bb8</run_address>
         <size>0x308</size>
         <input_file_ref idref="fl-2"/>
      </object_component>
      <object_component id="oc-532">
         <name>.text:_pconv_a</name>
         <load_address>0x1ec0</load_address>
         <run_address>0x1ec0</run_address>
         <size>0x270</size>
         <input_file_ref idref="fl-d5"/>
      </object_component>
      <object_component id="oc-d0">
         <name>.text:main</name>
         <load_address>0x2130</load_address>
         <run_address>0x2130</run_address>
         <size>0x248</size>
         <input_file_ref idref="fl-4"/>
      </object_component>
      <object_component id="oc-142">
         <name>.text:SysCtlClockFreqSet</name>
         <load_address>0x2378</load_address>
         <run_address>0x2378</run_address>
         <size>0x200</size>
         <input_file_ref idref="fl-f2"/>
      </object_component>
      <object_component id="oc-2d7">
         <name>.text:UARTvprintf</name>
         <load_address>0x2578</load_address>
         <run_address>0x2578</run_address>
         <size>0x1ea</size>
         <input_file_ref idref="fl-6"/>
      </object_component>
      <object_component id="oc-36">
         <name>.text:IntDefaultHandler</name>
         <load_address>0x2762</load_address>
         <run_address>0x2762</run_address>
         <size>0x2</size>
         <input_file_ref idref="fl-5"/>
      </object_component>
      <object_component id="oc-4c1">
         <name>.text:strtoll</name>
         <load_address>0x2764</load_address>
         <run_address>0x2764</run_address>
         <size>0x1dc</size>
         <input_file_ref idref="fl-e1"/>
      </object_component>
      <object_component id="oc-520">
         <name>.text:_pconv_g</name>
         <load_address>0x2940</load_address>
         <run_address>0x2940</run_address>
         <size>0x1d0</size>
         <input_file_ref idref="fl-d5"/>
      </object_component>
      <object_component id="oc-5d7">
         <name>.text</name>
         <load_address>0x2b10</load_address>
         <run_address>0x2b10</run_address>
         <size>0x1b6</size>
         <input_file_ref idref="fl-e8"/>
      </object_component>
      <object_component id="oc-190">
         <name>.text:f_write</name>
         <load_address>0x2cc6</load_address>
         <run_address>0x2cc6</run_address>
         <size>0x190</size>
         <input_file_ref idref="fl-2"/>
      </object_component>
      <object_component id="oc-2a">
         <name>.text:NmiSR</name>
         <load_address>0x2e56</load_address>
         <run_address>0x2e56</run_address>
         <size>0x2</size>
         <input_file_ref idref="fl-5"/>
      </object_component>
      <object_component id="oc-4a4">
         <name>.text:strtoull</name>
         <load_address>0x2e58</load_address>
         <run_address>0x2e58</run_address>
         <size>0x15c</size>
         <input_file_ref idref="fl-e3"/>
      </object_component>
      <object_component id="oc-55a">
         <name>.text:disk_ioctl</name>
         <load_address>0x2fb4</load_address>
         <run_address>0x2fb4</run_address>
         <size>0x154</size>
         <input_file_ref idref="fl-3"/>
      </object_component>
      <object_component id="oc-18a">
         <name>.text:f_open</name>
         <load_address>0x3108</load_address>
         <run_address>0x3108</run_address>
         <size>0x148</size>
         <input_file_ref idref="fl-2"/>
      </object_component>
      <object_component id="oc-421">
         <name>.text:disk_initialize</name>
         <load_address>0x3250</load_address>
         <run_address>0x3250</run_address>
         <size>0x140</size>
         <input_file_ref idref="fl-3"/>
      </object_component>
      <object_component id="oc-52c">
         <name>.text:_pconv_e</name>
         <load_address>0x3390</load_address>
         <run_address>0x3390</run_address>
         <size>0x13c</size>
         <input_file_ref idref="fl-d5"/>
      </object_component>
      <object_component id="oc-5dc">
         <name>.text</name>
         <load_address>0x34cc</load_address>
         <run_address>0x34cc</run_address>
         <size>0x136</size>
         <input_file_ref idref="fl-e9"/>
      </object_component>
      <object_component id="oc-3eb">
         <name>.text:GPIOPadConfigSet</name>
         <load_address>0x3602</load_address>
         <run_address>0x3602</run_address>
         <size>0x132</size>
         <input_file_ref idref="fl-ee"/>
      </object_component>
      <object_component id="oc-4bb">
         <name>.text:strtol</name>
         <load_address>0x3734</load_address>
         <run_address>0x3734</run_address>
         <size>0x130</size>
         <input_file_ref idref="fl-e0"/>
      </object_component>
      <object_component id="oc-431">
         <name>.text:create_name</name>
         <load_address>0x3864</load_address>
         <run_address>0x3864</run_address>
         <size>0x123</size>
         <input_file_ref idref="fl-2"/>
      </object_component>
      <object_component id="oc-62d">
         <name>.text:fcvt</name>
         <load_address>0x3988</load_address>
         <run_address>0x3988</run_address>
         <size>0x120</size>
         <input_file_ref idref="fl-d5"/>
      </object_component>
      <object_component id="oc-576">
         <name>.text:power_on</name>
         <load_address>0x3aa8</load_address>
         <run_address>0x3aa8</run_address>
         <size>0x110</size>
         <input_file_ref idref="fl-3"/>
      </object_component>
      <object_component id="oc-5e1">
         <name>.text:scalbn</name>
         <load_address>0x3bb8</load_address>
         <run_address>0x3bb8</run_address>
         <size>0x110</size>
         <input_file_ref idref="fl-e5"/>
      </object_component>
      <object_component id="oc-4aa">
         <name>.text:strtoul</name>
         <load_address>0x3cc8</load_address>
         <run_address>0x3cc8</run_address>
         <size>0x110</size>
         <input_file_ref idref="fl-e2"/>
      </object_component>
      <object_component id="oc-104">
         <name>.text</name>
         <load_address>0x3dd8</load_address>
         <run_address>0x3dd8</run_address>
         <size>0xfc</size>
         <input_file_ref idref="fl-c3"/>
      </object_component>
      <object_component id="oc-59f">
         <name>.text:dir_next</name>
         <load_address>0x3ed4</load_address>
         <run_address>0x3ed4</run_address>
         <size>0xf8</size>
         <input_file_ref idref="fl-2"/>
      </object_component>
      <object_component id="oc-454">
         <name>.text:put_fat</name>
         <load_address>0x3fcc</load_address>
         <run_address>0x3fcc</run_address>
         <size>0xe2</size>
         <input_file_ref idref="fl-2"/>
      </object_component>
      <object_component id="oc-45a">
         <name>.text:get_fat</name>
         <load_address>0x40ae</load_address>
         <run_address>0x40ae</run_address>
         <size>0xcc</size>
         <input_file_ref idref="fl-2"/>
      </object_component>
      <object_component id="oc-56b">
         <name>.text</name>
         <load_address>0x417a</load_address>
         <run_address>0x417a</run_address>
         <size>0x2</size>
         <input_file_ref idref="fl-cf"/>
      </object_component>
      <object_component id="oc-345">
         <name>.text:disk_write</name>
         <load_address>0x417c</load_address>
         <run_address>0x417c</run_address>
         <size>0xb8</size>
         <input_file_ref idref="fl-3"/>
      </object_component>
      <object_component id="oc-99">
         <name>.text:PositionControl</name>
         <load_address>0x4234</load_address>
         <run_address>0x4234</run_address>
         <size>0xb4</size>
         <input_file_ref idref="fl-4"/>
      </object_component>
      <object_component id="oc-515">
         <name>.text:_ltostr</name>
         <load_address>0x42e8</load_address>
         <run_address>0x42e8</run_address>
         <size>0xb1</size>
         <input_file_ref idref="fl-d5"/>
      </object_component>
      <object_component id="oc-3c3">
         <name>.text:sync_fs</name>
         <load_address>0x439a</load_address>
         <run_address>0x439a</run_address>
         <size>0xb0</size>
         <input_file_ref idref="fl-2"/>
      </object_component>
      <object_component id="oc-16c">
         <name>.text:ConfigureQEI</name>
         <load_address>0x444c</load_address>
         <run_address>0x444c</run_address>
         <size>0xa4</size>
         <input_file_ref idref="fl-4"/>
      </object_component>
      <object_component id="oc-56">
         <name>.text</name>
         <load_address>0x44f0</load_address>
         <run_address>0x44f0</run_address>
         <size>0x9c</size>
         <input_file_ref idref="fl-d1"/>
      </object_component>
      <object_component id="oc-196">
         <name>.text:UARTgets</name>
         <load_address>0x458c</load_address>
         <run_address>0x458c</run_address>
         <size>0x98</size>
         <input_file_ref idref="fl-6"/>
      </object_component>
      <object_component id="oc-33f">
         <name>.text:create_chain</name>
         <load_address>0x4624</load_address>
         <run_address>0x4624</run_address>
         <size>0x98</size>
         <input_file_ref idref="fl-2"/>
      </object_component>
      <object_component id="oc-5ce">
         <name>.text</name>
         <load_address>0x46bc</load_address>
         <run_address>0x46bc</run_address>
         <size>0x96</size>
         <input_file_ref idref="fl-ec"/>
      </object_component>
      <object_component id="oc-351">
         <name>.text:disk_read</name>
         <load_address>0x4754</load_address>
         <run_address>0x4754</run_address>
         <size>0x90</size>
         <input_file_ref idref="fl-3"/>
      </object_component>
      <object_component id="oc-22a">
         <name>.text:f_sync</name>
         <load_address>0x47e4</load_address>
         <run_address>0x47e4</run_address>
         <size>0x90</size>
         <input_file_ref idref="fl-2"/>
      </object_component>
      <object_component id="oc-51b">
         <name>.text:__aeabi_cdcmple</name>
         <load_address>0x4874</load_address>
         <run_address>0x4874</run_address>
         <size>0x86</size>
         <input_file_ref idref="fl-c2"/>
      </object_component>
      <object_component id="oc-109">
         <name>.text:__aeabi_cdrcmple</name>
         <load_address>0x48fa</load_address>
         <run_address>0x48fa</run_address>
         <size>0x86</size>
         <input_file_ref idref="fl-c2"/>
      </object_component>
      <object_component id="oc-43d">
         <name>.text:dir_sdi</name>
         <load_address>0x4980</load_address>
         <run_address>0x4980</run_address>
         <size>0x7c</size>
         <input_file_ref idref="fl-2"/>
      </object_component>
      <object_component id="oc-c4">
         <name>.text</name>
         <load_address>0x49fc</load_address>
         <run_address>0x49fc</run_address>
         <size>0x7a</size>
         <input_file_ref idref="fl-d0"/>
      </object_component>
      <object_component id="oc-427">
         <name>.text:check_fs</name>
         <load_address>0x4a78</load_address>
         <run_address>0x4a78</run_address>
         <size>0x74</size>
         <input_file_ref idref="fl-2"/>
      </object_component>
      <object_component id="oc-626">
         <name>.text:_mcpy</name>
         <load_address>0x4aec</load_address>
         <run_address>0x4aec</run_address>
         <size>0x6e</size>
         <input_file_ref idref="fl-d5"/>
      </object_component>
      <object_component id="oc-4b6">
         <name>.text</name>
         <load_address>0x4b5a</load_address>
         <run_address>0x4b5a</run_address>
         <size>0x6e</size>
         <input_file_ref idref="fl-ea"/>
      </object_component>
      <object_component id="oc-160">
         <name>.text:ConfigureMotorPWM</name>
         <load_address>0x4bc8</load_address>
         <run_address>0x4bc8</run_address>
         <size>0x68</size>
         <input_file_ref idref="fl-4"/>
      </object_component>
      <object_component id="oc-113">
         <name>.text:DriveMotor</name>
         <load_address>0x4c30</load_address>
         <run_address>0x4c30</run_address>
         <size>0x68</size>
         <input_file_ref idref="fl-4"/>
      </object_component>
      <object_component id="oc-2f0">
         <name>.text:IntEnable</name>
         <load_address>0x4c98</load_address>
         <run_address>0x4c98</run_address>
         <size>0x68</size>
         <input_file_ref idref="fl-ef"/>
      </object_component>
      <object_component id="oc-37a">
         <name>.text:_chkmbc</name>
         <load_address>0x4d00</load_address>
         <run_address>0x4d00</run_address>
         <size>0x68</size>
         <input_file_ref idref="fl-ce"/>
      </object_component>
      <object_component id="oc-12">
         <name>.text:decompress:lzss:__TI_decompress_lzss</name>
         <load_address>0x4d68</load_address>
         <run_address>0x4d68</run_address>
         <size>0x68</size>
         <input_file_ref idref="fl-c8"/>
      </object_component>
      <object_component id="oc-470">
         <name>.text:send_cmd</name>
         <load_address>0x4dd0</load_address>
         <run_address>0x4dd0</run_address>
         <size>0x66</size>
         <input_file_ref idref="fl-3"/>
      </object_component>
      <object_component id="oc-30e">
         <name>.text:follow_path</name>
         <load_address>0x4e36</load_address>
         <run_address>0x4e36</run_address>
         <size>0x64</size>
         <input_file_ref idref="fl-2"/>
      </object_component>
      <object_component id="oc-63b">
         <name>.text:frexp</name>
         <load_address>0x4e9c</load_address>
         <run_address>0x4e9c</run_address>
         <size>0x64</size>
         <input_file_ref idref="fl-e4"/>
      </object_component>
      <object_component id="oc-32c">
         <name>.text:remove_chain</name>
         <load_address>0x4f00</load_address>
         <run_address>0x4f00</run_address>
         <size>0x62</size>
         <input_file_ref idref="fl-2"/>
      </object_component>
      <object_component id="oc-2e4">
         <name>.text:TimerConfigure</name>
         <load_address>0x4f64</load_address>
         <run_address>0x4f64</run_address>
         <size>0x60</size>
         <input_file_ref idref="fl-f4"/>
      </object_component>
      <object_component id="oc-2d0">
         <name>.text:UARTStdioConfig</name>
         <load_address>0x4fc4</load_address>
         <run_address>0x4fc4</run_address>
         <size>0x60</size>
         <input_file_ref idref="fl-6"/>
      </object_component>
      <object_component id="oc-57c">
         <name>.text:send_initial_clock_train</name>
         <load_address>0x5024</load_address>
         <run_address>0x5024</run_address>
         <size>0x60</size>
         <input_file_ref idref="fl-3"/>
      </object_component>
      <object_component id="oc-526">
         <name>.text:_pconv_f</name>
         <load_address>0x5084</load_address>
         <run_address>0x5084</run_address>
         <size>0x56</size>
         <input_file_ref idref="fl-d5"/>
      </object_component>
      <object_component id="oc-461">
         <name>.text:sync_window</name>
         <load_address>0x50da</load_address>
         <run_address>0x50da</run_address>
         <size>0x56</size>
         <input_file_ref idref="fl-2"/>
      </object_component>
      <object_component id="oc-61a">
         <name>.text:ltoa</name>
         <load_address>0x5130</load_address>
         <run_address>0x5130</run_address>
         <size>0x54</size>
         <input_file_ref idref="fl-d9"/>
      </object_component>
      <object_component id="oc-620">
         <name>.text:_ecpy</name>
         <load_address>0x5184</load_address>
         <run_address>0x5184</run_address>
         <size>0x52</size>
         <input_file_ref idref="fl-d5"/>
      </object_component>
      <object_component id="oc-476">
         <name>.text:xmit_datablock</name>
         <load_address>0x51d6</load_address>
         <run_address>0x51d6</run_address>
         <size>0x52</size>
         <input_file_ref idref="fl-3"/>
      </object_component>
      <object_component id="oc-17e">
         <name>.text:ConfigureTimer0</name>
         <load_address>0x5228</load_address>
         <run_address>0x5228</run_address>
         <size>0x50</size>
         <input_file_ref idref="fl-4"/>
      </object_component>
      <object_component id="oc-588">
         <name>.text:set_max_speed</name>
         <load_address>0x5278</load_address>
         <run_address>0x5278</run_address>
         <size>0x50</size>
         <input_file_ref idref="fl-3"/>
      </object_component>
      <object_component id="oc-4d0">
         <name>.text:atoi</name>
         <load_address>0x52c8</load_address>
         <run_address>0x52c8</run_address>
         <size>0x4c</size>
         <input_file_ref idref="fl-d7"/>
      </object_component>
      <object_component id="oc-273">
         <name>.text:GPIOPinConfigure</name>
         <load_address>0x5314</load_address>
         <run_address>0x5314</run_address>
         <size>0x48</size>
         <input_file_ref idref="fl-ee"/>
      </object_component>
      <object_component id="oc-35e">
         <name>.text:UARTwrite</name>
         <load_address>0x535c</load_address>
         <run_address>0x535c</run_address>
         <size>0x48</size>
         <input_file_ref idref="fl-6"/>
      </object_component>
      <object_component id="oc-24b">
         <name>.text:_SysCtlFrequencyGet</name>
         <load_address>0x53a4</load_address>
         <run_address>0x53a4</run_address>
         <size>0x48</size>
         <input_file_ref idref="fl-f2"/>
      </object_component>
      <object_component id="oc-437">
         <name>.text:dir_find</name>
         <load_address>0x53ec</load_address>
         <run_address>0x53ec</run_address>
         <size>0x48</size>
         <input_file_ref idref="fl-2"/>
      </object_component>
      <object_component id="oc-119">
         <name>.text:logger</name>
         <load_address>0x5434</load_address>
         <run_address>0x5434</run_address>
         <size>0x48</size>
         <input_file_ref idref="fl-4"/>
      </object_component>
      <object_component id="oc-48d">
         <name>.text:rcvr_datablock</name>
         <load_address>0x547c</load_address>
         <run_address>0x547c</run_address>
         <size>0x48</size>
         <input_file_ref idref="fl-3"/>
      </object_component>
      <object_component id="oc-10e">
         <name>.text</name>
         <load_address>0x54c4</load_address>
         <run_address>0x54c4</run_address>
         <size>0x48</size>
         <input_file_ref idref="fl-c4"/>
      </object_component>
      <object_component id="oc-172">
         <name>.text:ConfigureUART</name>
         <load_address>0x550c</load_address>
         <run_address>0x550c</run_address>
         <size>0x44</size>
         <input_file_ref idref="fl-4"/>
      </object_component>
      <object_component id="oc-1bc">
         <name>.text:__TI_auto_init_nobinit_nopinit:__TI_auto_init_nobinit_nopinit</name>
         <load_address>0x5550</load_address>
         <run_address>0x5550</run_address>
         <size>0x44</size>
         <input_file_ref idref="fl-d2"/>
      </object_component>
      <object_component id="oc-406">
         <name>.text</name>
         <load_address>0x5594</load_address>
         <run_address>0x5594</run_address>
         <size>0x40</size>
         <input_file_ref idref="fl-c1"/>
      </object_component>
      <object_component id="oc-224">
         <name>.text:sprintf</name>
         <load_address>0x55d4</load_address>
         <run_address>0x55d4</run_address>
         <size>0x40</size>
         <input_file_ref idref="fl-cd"/>
      </object_component>
      <object_component id="oc-633">
         <name>.text:_fcpy</name>
         <load_address>0x5614</load_address>
         <run_address>0x5614</run_address>
         <size>0x3e</size>
         <input_file_ref idref="fl-d5"/>
      </object_component>
      <object_component id="oc-444">
         <name>.text:dir_alloc</name>
         <load_address>0x5652</load_address>
         <run_address>0x5652</run_address>
         <size>0x3e</size>
         <input_file_ref idref="fl-2"/>
      </object_component>
      <object_component id="oc-74">
         <name>.text:_c_int00_noargs:_c_int00_noargs</name>
         <load_address>0x5690</load_address>
         <run_address>0x5690</run_address>
         <size>0x38</size>
         <input_file_ref idref="fl-c9"/>
      </object_component>
      <object_component id="oc-314">
         <name>.text:dir_register</name>
         <load_address>0x56c8</load_address>
         <run_address>0x56c8</run_address>
         <size>0x38</size>
         <input_file_ref idref="fl-2"/>
      </object_component>
      <object_component id="oc-19c">
         <name>.text:sscanf</name>
         <load_address>0x5700</load_address>
         <run_address>0x5700</run_address>
         <size>0x38</size>
         <input_file_ref idref="fl-ce"/>
      </object_component>
      <object_component id="oc-26d">
         <name>.text:SysCtlPeripheralEnable</name>
         <load_address>0x5738</load_address>
         <run_address>0x5738</run_address>
         <size>0x34</size>
         <input_file_ref idref="fl-f2"/>
      </object_component>
      <object_component id="oc-493">
         <name>.text:send_cmd12</name>
         <load_address>0x576c</load_address>
         <run_address>0x576c</run_address>
         <size>0x32</size>
         <input_file_ref idref="fl-3"/>
      </object_component>
      <object_component id="oc-332">
         <name>.text:move_window</name>
         <load_address>0x579e</load_address>
         <run_address>0x579e</run_address>
         <size>0x2e</size>
         <input_file_ref idref="fl-2"/>
      </object_component>
      <object_component id="oc-ff">
         <name>.text</name>
         <load_address>0x57cc</load_address>
         <run_address>0x57cc</run_address>
         <size>0x2e</size>
         <input_file_ref idref="fl-c5"/>
      </object_component>
      <object_component id="oc-184">
         <name>.text:f_mount</name>
         <load_address>0x57fc</load_address>
         <run_address>0x57fc</run_address>
         <size>0x2c</size>
         <input_file_ref idref="fl-2"/>
      </object_component>
      <object_component id="oc-482">
         <name>.text:rcvr_spi</name>
         <load_address>0x5828</load_address>
         <run_address>0x5828</run_address>
         <size>0x2c</size>
         <input_file_ref idref="fl-3"/>
      </object_component>
      <object_component id="oc-3e5">
         <name>.text:GPIODirModeSet</name>
         <load_address>0x5854</load_address>
         <run_address>0x5854</run_address>
         <size>0x2a</size>
         <input_file_ref idref="fl-ee"/>
      </object_component>
      <object_component id="oc-42">
         <name>.text:Timer0IntHandler</name>
         <load_address>0x5880</load_address>
         <run_address>0x5880</run_address>
         <size>0x28</size>
         <input_file_ref idref="fl-4"/>
      </object_component>
      <object_component id="oc-339">
         <name>.text:validate</name>
         <load_address>0x58a8</load_address>
         <run_address>0x58a8</run_address>
         <size>0x28</size>
         <input_file_ref idref="fl-2"/>
      </object_component>
      <object_component id="oc-5b3">
         <name>.text:xmit_spi</name>
         <load_address>0x58d0</load_address>
         <run_address>0x58d0</run_address>
         <size>0x24</size>
         <input_file_ref idref="fl-3"/>
      </object_component>
      <object_component id="oc-27f">
         <name>.text:PWMGenConfigure</name>
         <load_address>0x58f4</load_address>
         <run_address>0x58f4</run_address>
         <size>0x22</size>
         <input_file_ref idref="fl-f0"/>
      </object_component>
      <object_component id="oc-245">
         <name>.text:_SysCtlMemTimingGet</name>
         <load_address>0x5918</load_address>
         <run_address>0x5918</run_address>
         <size>0x20</size>
         <input_file_ref idref="fl-f2"/>
      </object_component>
      <object_component id="oc-8c">
         <name>.text:disk_timerproc</name>
         <load_address>0x5938</load_address>
         <run_address>0x5938</run_address>
         <size>0x20</size>
         <input_file_ref idref="fl-3"/>
      </object_component>
      <object_component id="oc-5ad">
         <name>.text:wait_ready</name>
         <load_address>0x5958</load_address>
         <run_address>0x5958</run_address>
         <size>0x20</size>
         <input_file_ref idref="fl-3"/>
      </object_component>
      <object_component id="oc-20b">
         <name>.text:PWMPulseWidthSet</name>
         <load_address>0x5978</load_address>
         <run_address>0x5978</run_address>
         <size>0x1e</size>
         <input_file_ref idref="fl-f0"/>
      </object_component>
      <object_component id="oc-320">
         <name>.text:ld_clust</name>
         <load_address>0x5996</load_address>
         <run_address>0x5996</run_address>
         <size>0x1e</size>
         <input_file_ref idref="fl-2"/>
      </object_component>
      <object_component id="oc-166">
         <name>.text:ConfigureMotorDirectionPin</name>
         <load_address>0x59b4</load_address>
         <run_address>0x59b4</run_address>
         <size>0x1c</size>
         <input_file_ref idref="fl-4"/>
      </object_component>
      <object_component id="oc-47c">
         <name>.text:DESELECT</name>
         <load_address>0x59d0</load_address>
         <run_address>0x59d0</run_address>
         <size>0x1c</size>
         <input_file_ref idref="fl-3"/>
      </object_component>
      <object_component id="oc-46a">
         <name>.text:SELECT</name>
         <load_address>0x59ec</load_address>
         <run_address>0x59ec</run_address>
         <size>0x1c</size>
         <input_file_ref idref="fl-3"/>
      </object_component>
      <object_component id="oc-599">
         <name>.text:mem_cmp</name>
         <load_address>0x5a08</load_address>
         <run_address>0x5a08</run_address>
         <size>0x1c</size>
         <input_file_ref idref="fl-2"/>
      </object_component>
      <object_component id="oc-538">
         <name>.text:memccpy</name>
         <load_address>0x5a24</load_address>
         <run_address>0x5a24</run_address>
         <size>0x1c</size>
         <input_file_ref idref="fl-da"/>
      </object_component>
      <object_component id="oc-178">
         <name>.text:UARTprintf</name>
         <load_address>0x5a40</load_address>
         <run_address>0x5a40</run_address>
         <size>0x1a</size>
         <input_file_ref idref="fl-6"/>
      </object_component>
      <object_component id="oc-28c">
         <name>.text:GPIOPinTypeGPIOOutput</name>
         <load_address>0x5a5a</load_address>
         <run_address>0x5a5a</run_address>
         <size>0x18</size>
         <input_file_ref idref="fl-ee"/>
      </object_component>
      <object_component id="oc-3b5">
         <name>.text:_outs</name>
         <load_address>0x5a72</load_address>
         <run_address>0x5a72</run_address>
         <size>0x18</size>
         <input_file_ref idref="fl-cd"/>
      </object_component>
      <object_component id="oc-34b">
         <name>.text:clust2sect</name>
         <load_address>0x5a8a</load_address>
         <run_address>0x5a8a</run_address>
         <size>0x18</size>
         <input_file_ref idref="fl-2"/>
      </object_component>
      <object_component id="oc-5c9">
         <name>.text</name>
         <load_address>0x5aa2</load_address>
         <run_address>0x5aa2</run_address>
         <size>0x18</size>
         <input_file_ref idref="fl-eb"/>
      </object_component>
      <object_component id="oc-4d6">
         <name>.text:strrchr</name>
         <load_address>0x5aba</load_address>
         <run_address>0x5aba</run_address>
         <size>0x18</size>
         <input_file_ref idref="fl-de"/>
      </object_component>
      <object_component id="oc-357">
         <name>.text:mem_cpy</name>
         <load_address>0x5ad2</load_address>
         <run_address>0x5ad2</run_address>
         <size>0x16</size>
         <input_file_ref idref="fl-2"/>
      </object_component>
      <object_component id="oc-4dc">
         <name>.text:strchr</name>
         <load_address>0x5ae8</load_address>
         <run_address>0x5ae8</run_address>
         <size>0x16</size>
         <input_file_ref idref="fl-db"/>
      </object_component>
      <object_component id="oc-267">
         <name>.text:SysCtlPWMClockSet</name>
         <load_address>0x5b00</load_address>
         <run_address>0x5b00</run_address>
         <size>0x14</size>
         <input_file_ref idref="fl-f2"/>
      </object_component>
      <object_component id="oc-14e">
         <name>.text:SysTickEnable</name>
         <load_address>0x5b14</load_address>
         <run_address>0x5b14</run_address>
         <size>0x14</size>
         <input_file_ref idref="fl-f3"/>
      </object_component>
      <object_component id="oc-154">
         <name>.text:SysTickIntEnable</name>
         <load_address>0x5b28</load_address>
         <run_address>0x5b28</run_address>
         <size>0x14</size>
         <input_file_ref idref="fl-f3"/>
      </object_component>
      <object_component id="oc-673">
         <name>.text:copysign</name>
         <load_address>0x5b3c</load_address>
         <run_address>0x5b3c</run_address>
         <size>0x14</size>
         <input_file_ref idref="fl-e6"/>
      </object_component>
      <object_component id="oc-44a">
         <name>.text:mem_set</name>
         <load_address>0x5b50</load_address>
         <run_address>0x5b50</run_address>
         <size>0x14</size>
         <input_file_ref idref="fl-2"/>
      </object_component>
      <object_component id="oc-49e">
         <name>.text:strcpy</name>
         <load_address>0x5b64</load_address>
         <run_address>0x5b64</run_address>
         <size>0x14</size>
         <input_file_ref idref="fl-dc"/>
      </object_component>
      <object_component id="oc-4ca">
         <name>.text:strlen</name>
         <load_address>0x5b78</load_address>
         <run_address>0x5b78</run_address>
         <size>0x14</size>
         <input_file_ref idref="fl-dd"/>
      </object_component>
      <object_component id="oc-279">
         <name>.text:GPIOPinTypePWM</name>
         <load_address>0x5b8c</load_address>
         <run_address>0x5b8c</run_address>
         <size>0x12</size>
         <input_file_ref idref="fl-ee"/>
      </object_component>
      <object_component id="oc-293">
         <name>.text:GPIOPinTypeQEI</name>
         <load_address>0x5b9e</load_address>
         <run_address>0x5b9e</run_address>
         <size>0x12</size>
         <input_file_ref idref="fl-ee"/>
      </object_component>
      <object_component id="oc-2ca">
         <name>.text:GPIOPinTypeUART</name>
         <load_address>0x5bb0</load_address>
         <run_address>0x5bb0</run_address>
         <size>0x12</size>
         <input_file_ref idref="fl-ee"/>
      </object_component>
      <object_component id="oc-205">
         <name>.text:PWMGenPeriodGet</name>
         <load_address>0x5bc2</load_address>
         <run_address>0x5bc2</run_address>
         <size>0x12</size>
         <input_file_ref idref="fl-f0"/>
      </object_component>
      <object_component id="oc-211">
         <name>.text:PWMOutputState</name>
         <load_address>0x5bd4</load_address>
         <run_address>0x5bd4</run_address>
         <size>0x12</size>
         <input_file_ref idref="fl-f0"/>
      </object_component>
      <object_component id="oc-2ea">
         <name>.text:TimerLoadSet</name>
         <load_address>0x5be6</load_address>
         <run_address>0x5be6</run_address>
         <size>0x12</size>
         <input_file_ref idref="fl-f4"/>
      </object_component>
      <object_component id="oc-36e">
         <name>.text:_inpchar</name>
         <load_address>0x5bf8</load_address>
         <run_address>0x5bf8</run_address>
         <size>0x12</size>
         <input_file_ref idref="fl-ce"/>
      </object_component>
      <object_component id="oc-592">
         <name>.text:chk_chr</name>
         <load_address>0x5c0a</load_address>
         <run_address>0x5c0a</run_address>
         <size>0x12</size>
         <input_file_ref idref="fl-2"/>
      </object_component>
      <object_component id="oc-53e">
         <name>.text:wcslen</name>
         <load_address>0x5c1c</load_address>
         <run_address>0x5c1c</run_address>
         <size>0x12</size>
         <input_file_ref idref="fl-e7"/>
      </object_component>
      <object_component id="oc-15a">
         <name>.text:IntMasterEnable</name>
         <load_address>0x5c2e</load_address>
         <run_address>0x5c2e</run_address>
         <size>0x10</size>
         <input_file_ref idref="fl-ef"/>
      </object_component>
      <object_component id="oc-285">
         <name>.text:PWMGenPeriodSet</name>
         <load_address>0x5c3e</load_address>
         <run_address>0x5c3e</run_address>
         <size>0x10</size>
         <input_file_ref idref="fl-f0"/>
      </object_component>
      <object_component id="oc-2b1">
         <name>.text:QEIVelocityConfigure</name>
         <load_address>0x5c4e</load_address>
         <run_address>0x5c4e</run_address>
         <size>0x10</size>
         <input_file_ref idref="fl-f1"/>
      </object_component>
      <object_component id="oc-148">
         <name>.text:SysTickPeriodSet</name>
         <load_address>0x5c60</load_address>
         <run_address>0x5c60</run_address>
         <size>0x10</size>
         <input_file_ref idref="fl-f3"/>
      </object_component>
      <object_component id="oc-41b">
         <name>.text:disk_status</name>
         <load_address>0x5c70</load_address>
         <run_address>0x5c70</run_address>
         <size>0x10</size>
         <input_file_ref idref="fl-3"/>
      </object_component>
      <object_component id="oc-1a2">
         <name>.text:f_close</name>
         <load_address>0x5c80</load_address>
         <run_address>0x5c80</run_address>
         <size>0x10</size>
         <input_file_ref idref="fl-2"/>
      </object_component>
      <object_component id="oc-326">
         <name>.text:st_clust</name>
         <load_address>0x5c90</load_address>
         <run_address>0x5c90</run_address>
         <size>0x10</size>
         <input_file_ref idref="fl-2"/>
      </object_component>
      <object_component id="oc-2ab">
         <name>.text:QEIConfigure</name>
         <load_address>0x5ca0</load_address>
         <run_address>0x5ca0</run_address>
         <size>0xe</size>
         <input_file_ref idref="fl-f1"/>
      </object_component>
      <object_component id="oc-f3">
         <name>.text:QEIDirectionGet</name>
         <load_address>0x5cae</load_address>
         <run_address>0x5cae</run_address>
         <size>0xe</size>
         <input_file_ref idref="fl-f1"/>
      </object_component>
      <object_component id="oc-2fc">
         <name>.text:TimerEnable</name>
         <load_address>0x5cbc</load_address>
         <run_address>0x5cbc</run_address>
         <size>0xe</size>
         <input_file_ref idref="fl-f4"/>
      </object_component>
      <object_component id="oc-18">
         <name>.text:decompress:none:__TI_decompress_none</name>
         <load_address>0x5cca</load_address>
         <run_address>0x5cca</run_address>
         <size>0xe</size>
         <input_file_ref idref="fl-c7"/>
      </object_component>
      <object_component id="oc-260">
         <name>.text:CPUcpsie</name>
         <load_address>0x5cd8</load_address>
         <run_address>0x5cd8</run_address>
         <size>0xc</size>
         <input_file_ref idref="fl-f5"/>
      </object_component>
      <object_component id="oc-21d">
         <name>.text:PWMGenDisable</name>
         <load_address>0x5ce4</load_address>
         <run_address>0x5ce4</run_address>
         <size>0xc</size>
         <input_file_ref idref="fl-f0"/>
      </object_component>
      <object_component id="oc-217">
         <name>.text:PWMGenEnable</name>
         <load_address>0x5cf0</load_address>
         <run_address>0x5cf0</run_address>
         <size>0xc</size>
         <input_file_ref idref="fl-f0"/>
      </object_component>
      <object_component id="oc-657">
         <name>.text:chk_power</name>
         <load_address>0x5cfc</load_address>
         <run_address>0x5cfc</run_address>
         <size>0xc</size>
         <input_file_ref idref="fl-3"/>
      </object_component>
      <object_component id="oc-68">
         <name>.text:decompress:ZI:__TI_zero_init</name>
         <load_address>0x5d08</load_address>
         <run_address>0x5d08</run_address>
         <size>0xc</size>
         <input_file_ref idref="fl-c6"/>
      </object_component>
      <object_component id="oc-582">
         <name>.text:power_off</name>
         <load_address>0x5d14</load_address>
         <run_address>0x5d14</run_address>
         <size>0xc</size>
         <input_file_ref idref="fl-3"/>
      </object_component>
      <object_component id="oc-5bf">
         <name>.text:rcvr_spi_m</name>
         <load_address>0x5d20</load_address>
         <run_address>0x5d20</run_address>
         <size>0xc</size>
         <input_file_ref idref="fl-3"/>
      </object_component>
      <object_component id="oc-299">
         <name>.text:QEIDisable</name>
         <load_address>0x5d2c</load_address>
         <run_address>0x5d2c</run_address>
         <size>0xa</size>
         <input_file_ref idref="fl-f1"/>
      </object_component>
      <object_component id="oc-2b7">
         <name>.text:QEIEnable</name>
         <load_address>0x5d36</load_address>
         <run_address>0x5d36</run_address>
         <size>0xa</size>
         <input_file_ref idref="fl-f1"/>
      </object_component>
      <object_component id="oc-2a5">
         <name>.text:QEIIntDisable</name>
         <load_address>0x5d40</load_address>
         <run_address>0x5d40</run_address>
         <size>0xa</size>
         <input_file_ref idref="fl-f1"/>
      </object_component>
      <object_component id="oc-29f">
         <name>.text:QEIVelocityDisable</name>
         <load_address>0x5d4a</load_address>
         <run_address>0x5d4a</run_address>
         <size>0xa</size>
         <input_file_ref idref="fl-f1"/>
      </object_component>
      <object_component id="oc-2c3">
         <name>.text:QEIVelocityEnable</name>
         <load_address>0x5d54</load_address>
         <run_address>0x5d54</run_address>
         <size>0xa</size>
         <input_file_ref idref="fl-f1"/>
      </object_component>
      <object_component id="oc-3bb">
         <name>.text:_outc</name>
         <load_address>0x5d5e</load_address>
         <run_address>0x5d5e</run_address>
         <size>0xa</size>
         <input_file_ref idref="fl-cd"/>
      </object_component>
      <object_component id="oc-2f6">
         <name>.text:TimerIntEnable</name>
         <load_address>0x5d68</load_address>
         <run_address>0x5d68</run_address>
         <size>0x8</size>
         <input_file_ref idref="fl-f4"/>
      </object_component>
      <object_component id="oc-544">
         <name>.text:__aeabi_errno_addr</name>
         <load_address>0x5d70</load_address>
         <run_address>0x5d70</run_address>
         <size>0x8</size>
         <input_file_ref idref="fl-ed"/>
      </object_component>
      <object_component id="oc-374">
         <name>.text:_uninpchar</name>
         <load_address>0x5d78</load_address>
         <run_address>0x5d78</run_address>
         <size>0x8</size>
         <input_file_ref idref="fl-ce"/>
      </object_component>
      <object_component id="oc-31a">
         <name>.text:get_fattime</name>
         <load_address>0x5d80</load_address>
         <run_address>0x5d80</run_address>
         <size>0x8</size>
         <input_file_ref idref="fl-3"/>
      </object_component>
      <object_component id="oc-1ff">
         <name>.text:GPIOPinWrite</name>
         <load_address>0x5d88</load_address>
         <run_address>0x5d88</run_address>
         <size>0x6</size>
         <input_file_ref idref="fl-ee"/>
      </object_component>
      <object_component id="oc-24">
         <name>.text:ResetISR</name>
         <load_address>0x5d8e</load_address>
         <run_address>0x5d8e</run_address>
         <size>0x6</size>
         <input_file_ref idref="fl-5"/>
      </object_component>
      <object_component id="oc-1a8">
         <name>.text:SysCtlDelay</name>
         <load_address>0x5d94</load_address>
         <run_address>0x5d94</run_address>
         <size>0x6</size>
         <input_file_ref idref="fl-f2"/>
      </object_component>
      <object_component id="oc-ed">
         <name>.text:QEIPositionGet</name>
         <load_address>0x5d9a</load_address>
         <run_address>0x5d9a</run_address>
         <size>0x4</size>
         <input_file_ref idref="fl-f1"/>
      </object_component>
      <object_component id="oc-2bd">
         <name>.text:QEIPositionSet</name>
         <load_address>0x5d9e</load_address>
         <run_address>0x5d9e</run_address>
         <size>0x4</size>
         <input_file_ref idref="fl-f1"/>
      </object_component>
      <object_component id="oc-f9">
         <name>.text:QEIVelocityGet</name>
         <load_address>0x5da2</load_address>
         <run_address>0x5da2</run_address>
         <size>0x4</size>
         <input_file_ref idref="fl-f1"/>
      </object_component>
      <object_component id="oc-3c">
         <name>.text:SysTickHandler</name>
         <load_address>0x5da6</load_address>
         <run_address>0x5da6</run_address>
         <size>0x4</size>
         <input_file_ref idref="fl-5"/>
      </object_component>
      <object_component id="oc-93">
         <name>.text:TimerIntClear</name>
         <load_address>0x5daa</load_address>
         <run_address>0x5daa</run_address>
         <size>0x4</size>
         <input_file_ref idref="fl-f4"/>
      </object_component>
      <object_component id="oc-ca">
         <name>.text:_system_pre_init</name>
         <load_address>0x5dae</load_address>
         <run_address>0x5dae</run_address>
         <size>0x4</size>
         <input_file_ref idref="fl-d3"/>
      </object_component>
      <object_component id="oc-1b0">
         <name>.text:abort:abort</name>
         <load_address>0x5db2</load_address>
         <run_address>0x5db2</run_address>
         <size>0x4</size>
         <input_file_ref idref="fl-ca"/>
      </object_component>
      <object_component id="oc-254">
         <name>.const:g_pppui32XTALtoVCO</name>
         <load_address>0x5db8</load_address>
         <run_address>0x5db8</run_address>
         <size>0x1b0</size>
         <input_file_ref idref="fl-f2"/>
      </object_component>
      <object_component id="oc-4c7">
         <name>.const:.string:_ctypes_</name>
         <load_address>0x5f68</load_address>
         <run_address>0x5f68</run_address>
         <size>0x101</size>
         <input_file_ref idref="fl-d8"/>
      </object_component>
      <object_component id="oc-5e7">
         <name>.const:$O1$$</name>
         <load_address>0x6070</load_address>
         <run_address>0x6070</run_address>
         <size>0xc8</size>
         <input_file_ref idref="fl-df"/>
      </object_component>
      <object_component id="oc-3e1">
         <name>.const:g_pui32GPIOBaseAddrs</name>
         <load_address>0x6138</load_address>
         <run_address>0x6138</run_address>
         <size>0x90</size>
         <input_file_ref idref="fl-ee"/>
      </object_component>
      <object_component id="oc-410">
         <name>.const</name>
         <load_address>0x61c8</load_address>
         <run_address>0x61c8</run_address>
         <size>0x70</size>
         <input_file_ref idref="fl-ef"/>
      </object_component>
      <object_component id="oc-251">
         <name>.const:g_pui32Xtals</name>
         <load_address>0x6238</load_address>
         <run_address>0x6238</run_address>
         <size>0x6c</size>
         <input_file_ref idref="fl-f2"/>
      </object_component>
      <object_component id="oc-3ca">
         <name>.const:g_sXTALtoMEMTIM</name>
         <load_address>0x62a4</load_address>
         <run_address>0x62a4</run_address>
         <size>0x30</size>
         <input_file_ref idref="fl-f2"/>
      </object_component>
      <object_component id="oc-4e2">
         <name>.const:$O1$$</name>
         <load_address>0x62d4</load_address>
         <run_address>0x62d4</run_address>
         <size>0x10</size>
         <input_file_ref idref="fl-d6"/>
      </object_component>
      <object_component id="oc-402">
         <name>.const:g_ui32UARTBase</name>
         <load_address>0x62e4</load_address>
         <run_address>0x62e4</run_address>
         <size>0xc</size>
         <input_file_ref idref="fl-6"/>
      </object_component>
      <object_component id="oc-3ff">
         <name>.const:g_ui32UARTPeriph</name>
         <load_address>0x62f0</load_address>
         <run_address>0x62f0</run_address>
         <size>0xc</size>
         <input_file_ref idref="fl-6"/>
      </object_component>
      <object_component id="oc-257">
         <name>.const</name>
         <load_address>0x62fc</load_address>
         <run_address>0x62fc</run_address>
         <size>0x8</size>
         <input_file_ref idref="fl-f2"/>
      </object_component>
      <object_component id="oc-6e2">
         <name>.cinit..data.load</name>
         <load_address>0x6308</load_address>
         <run_address>0x6308</run_address>
         <size>0x1d</size>
      </object_component>
      <object_component id="oc-6e0">
         <name>__TI_handler_table</name>
         <load_address>0x6328</load_address>
         <run_address>0x6328</run_address>
         <size>0xc</size>
      </object_component>
      <object_component id="oc-6e3">
         <name>.cinit..bss.load</name>
         <load_address>0x6338</load_address>
         <run_address>0x6338</run_address>
         <size>0x8</size>
      </object_component>
      <object_component id="oc-6e1">
         <name>__TI_cinit_table</name>
         <load_address>0x6340</load_address>
         <run_address>0x6340</run_address>
         <size>0x10</size>
      </object_component>
      <object_component id="oc-488">
         <name>.data</name>
         <load_address>0x20000a7d</load_address>
         <run_address>0x20000a7d</run_address>
         <size>0x2</size>
         <input_file_ref idref="fl-3"/>
      </object_component>
      <object_component id="oc-9f">
         <name>.data</name>
         <load_address>0x20000a58</load_address>
         <run_address>0x20000a58</run_address>
         <size>0x20</size>
         <input_file_ref idref="fl-4"/>
      </object_component>
      <object_component id="oc-364">
         <name>.data</name>
         <load_address>0x20000a78</load_address>
         <run_address>0x20000a78</run_address>
         <size>0x5</size>
         <input_file_ref idref="fl-6"/>
      </object_component>
      <object_component id="oc-64b">
         <name>.data</name>
         <load_address>0x20000a80</load_address>
         <run_address>0x20000a80</run_address>
         <size>0x4</size>
         <input_file_ref idref="fl-ed"/>
      </object_component>
      <object_component id="oc-303">
         <name>.bss:FatFs</name>
         <uninitialized>true</uninitialized>
         <run_address>0x20000a38</run_address>
         <size>0x4</size>
         <input_file_ref idref="fl-2"/>
      </object_component>
      <object_component id="oc-42d">
         <name>.bss</name>
         <uninitialized>true</uninitialized>
         <run_address>0x20000a54</run_address>
         <size>0x2</size>
         <input_file_ref idref="fl-2"/>
      </object_component>
      <object_component id="oc-e2">
         <name>.bss</name>
         <uninitialized>true</uninitialized>
         <run_address>0x20000a50</run_address>
         <size>0x3</size>
         <input_file_ref idref="fl-3"/>
      </object_component>
      <object_component id="oc-1a9">
         <name>.bss:g_sFatFs</name>
         <uninitialized>true</uninitialized>
         <run_address>0x200005e0</run_address>
         <size>0x234</size>
         <input_file_ref idref="fl-4"/>
      </object_component>
      <object_component id="oc-1ac">
         <name>.common:iFResult</name>
         <uninitialized>true</uninitialized>
         <run_address>0x20000a53</run_address>
         <size>0x1</size>
      </object_component>
      <object_component id="oc-1ad">
         <name>.common:fil</name>
         <uninitialized>true</uninitialized>
         <run_address>0x20000814</run_address>
         <size>0x224</size>
      </object_component>
      <object_component id="oc-230">
         <name>.common:count</name>
         <uninitialized>true</uninitialized>
         <run_address>0x20000a48</run_address>
         <size>0x4</size>
      </object_component>
      <object_component id="oc-1ae">
         <name>.common:g_ui32SysClock</name>
         <uninitialized>true</uninitialized>
         <run_address>0x20000a4c</run_address>
         <size>0x4</size>
      </object_component>
      <object_component id="oc-122">
         <name>.common:Direction</name>
         <uninitialized>true</uninitialized>
         <run_address>0x20000a3c</run_address>
         <size>0x4</size>
      </object_component>
      <object_component id="oc-123">
         <name>.common:Velocity</name>
         <uninitialized>true</uninitialized>
         <run_address>0x20000a44</run_address>
         <size>0x4</size>
      </object_component>
      <object_component id="oc-11f">
         <name>.common:Position</name>
         <uninitialized>true</uninitialized>
         <run_address>0x20000a40</run_address>
         <size>0x4</size>
      </object_component>
      <object_component id="oc-21">
         <name>.stack</name>
         <uninitialized>true</uninitialized>
         <run_address>0x20000000</run_address>
         <size>0x4</size>
         <input_file_ref idref="fl-c9"/>
      </object_component>
      <object_component id="oc-6e4">
         <name>.stack</name>
         <uninitialized>true</uninitialized>
         <run_address>0x20000000</run_address>
         <size>0x0</size>
      </object_component>
      <object_component id="oc-307">
         <name>.debug_info</name>
         <load_address>0x0</load_address>
         <run_address>0x0</run_address>
         <size>0x4ac</size>
         <input_file_ref idref="fl-2"/>
      </object_component>
      <object_component id="oc-304">
         <name>.debug_info</name>
         <load_address>0x4ac</load_address>
         <run_address>0x4ac</run_address>
         <size>0xfb</size>
         <input_file_ref idref="fl-2"/>
      </object_component>
      <object_component id="oc-42e">
         <name>.debug_info</name>
         <load_address>0x5a7</load_address>
         <run_address>0x5a7</run_address>
         <size>0xf9</size>
         <input_file_ref idref="fl-2"/>
      </object_component>
      <object_component id="oc-462">
         <name>.debug_info</name>
         <load_address>0x6a0</load_address>
         <run_address>0x6a0</run_address>
         <size>0x1c0</size>
         <input_file_ref idref="fl-2"/>
      </object_component>
      <object_component id="oc-333">
         <name>.debug_info</name>
         <load_address>0x860</load_address>
         <run_address>0x860</run_address>
         <size>0x1dd</size>
         <input_file_ref idref="fl-2"/>
      </object_component>
      <object_component id="oc-455">
         <name>.debug_info</name>
         <load_address>0xa3d</load_address>
         <run_address>0xa3d</run_address>
         <size>0x244</size>
         <input_file_ref idref="fl-2"/>
      </object_component>
      <object_component id="oc-45b">
         <name>.debug_info</name>
         <load_address>0xc81</load_address>
         <run_address>0xc81</run_address>
         <size>0x213</size>
         <input_file_ref idref="fl-2"/>
      </object_component>
      <object_component id="oc-33a">
         <name>.debug_info</name>
         <load_address>0xe94</load_address>
         <run_address>0xe94</run_address>
         <size>0x1a1</size>
         <input_file_ref idref="fl-2"/>
      </object_component>
      <object_component id="oc-340">
         <name>.debug_info</name>
         <load_address>0x1035</load_address>
         <run_address>0x1035</run_address>
         <size>0x234</size>
         <input_file_ref idref="fl-2"/>
      </object_component>
      <object_component id="oc-34c">
         <name>.debug_info</name>
         <load_address>0x1269</load_address>
         <run_address>0x1269</run_address>
         <size>0x1ac</size>
         <input_file_ref idref="fl-2"/>
      </object_component>
      <object_component id="oc-358">
         <name>.debug_info</name>
         <load_address>0x1415</load_address>
         <run_address>0x1415</run_address>
         <size>0x1b7</size>
         <input_file_ref idref="fl-2"/>
      </object_component>
      <object_component id="oc-191">
         <name>.debug_info</name>
         <load_address>0x15cc</load_address>
         <run_address>0x15cc</run_address>
         <size>0x2dc</size>
         <input_file_ref idref="fl-2"/>
      </object_component>
      <object_component id="oc-428">
         <name>.debug_info</name>
         <load_address>0x18a8</load_address>
         <run_address>0x18a8</run_address>
         <size>0x1b7</size>
         <input_file_ref idref="fl-2"/>
      </object_component>
      <object_component id="oc-309">
         <name>.debug_info</name>
         <load_address>0x1a5f</load_address>
         <run_address>0x1a5f</run_address>
         <size>0x33f</size>
         <input_file_ref idref="fl-2"/>
      </object_component>
      <object_component id="oc-44b">
         <name>.debug_info</name>
         <load_address>0x1d9e</load_address>
         <run_address>0x1d9e</run_address>
         <size>0x1bb</size>
         <input_file_ref idref="fl-2"/>
      </object_component>
      <object_component id="oc-593">
         <name>.debug_info</name>
         <load_address>0x1f59</load_address>
         <run_address>0x1f59</run_address>
         <size>0x1a5</size>
         <input_file_ref idref="fl-2"/>
      </object_component>
      <object_component id="oc-432">
         <name>.debug_info</name>
         <load_address>0x20fe</load_address>
         <run_address>0x20fe</run_address>
         <size>0x22d</size>
         <input_file_ref idref="fl-2"/>
      </object_component>
      <object_component id="oc-43e">
         <name>.debug_info</name>
         <load_address>0x232b</load_address>
         <run_address>0x232b</run_address>
         <size>0x1e4</size>
         <input_file_ref idref="fl-2"/>
      </object_component>
      <object_component id="oc-59a">
         <name>.debug_info</name>
         <load_address>0x250f</load_address>
         <run_address>0x250f</run_address>
         <size>0x1c6</size>
         <input_file_ref idref="fl-2"/>
      </object_component>
      <object_component id="oc-5a0">
         <name>.debug_info</name>
         <load_address>0x26d5</load_address>
         <run_address>0x26d5</run_address>
         <size>0x261</size>
         <input_file_ref idref="fl-2"/>
      </object_component>
      <object_component id="oc-438">
         <name>.debug_info</name>
         <load_address>0x2936</load_address>
         <run_address>0x2936</run_address>
         <size>0x1e0</size>
         <input_file_ref idref="fl-2"/>
      </object_component>
      <object_component id="oc-321">
         <name>.debug_info</name>
         <load_address>0x2b16</load_address>
         <run_address>0x2b16</run_address>
         <size>0x1b0</size>
         <input_file_ref idref="fl-2"/>
      </object_component>
      <object_component id="oc-30f">
         <name>.debug_info</name>
         <load_address>0x2cc6</load_address>
         <run_address>0x2cc6</run_address>
         <size>0x21d</size>
         <input_file_ref idref="fl-2"/>
      </object_component>
      <object_component id="oc-3c4">
         <name>.debug_info</name>
         <load_address>0x2ee3</load_address>
         <run_address>0x2ee3</run_address>
         <size>0x1d4</size>
         <input_file_ref idref="fl-2"/>
      </object_component>
      <object_component id="oc-32d">
         <name>.debug_info</name>
         <load_address>0x30b7</load_address>
         <run_address>0x30b7</run_address>
         <size>0x1e9</size>
         <input_file_ref idref="fl-2"/>
      </object_component>
      <object_component id="oc-327">
         <name>.debug_info</name>
         <load_address>0x32a0</load_address>
         <run_address>0x32a0</run_address>
         <size>0x19f</size>
         <input_file_ref idref="fl-2"/>
      </object_component>
      <object_component id="oc-22b">
         <name>.debug_info</name>
         <load_address>0x343f</load_address>
         <run_address>0x343f</run_address>
         <size>0x20e</size>
         <input_file_ref idref="fl-2"/>
      </object_component>
      <object_component id="oc-445">
         <name>.debug_info</name>
         <load_address>0x364d</load_address>
         <run_address>0x364d</run_address>
         <size>0x1f2</size>
         <input_file_ref idref="fl-2"/>
      </object_component>
      <object_component id="oc-315">
         <name>.debug_info</name>
         <load_address>0x383f</load_address>
         <run_address>0x383f</run_address>
         <size>0x1da</size>
         <input_file_ref idref="fl-2"/>
      </object_component>
      <object_component id="oc-18b">
         <name>.debug_info</name>
         <load_address>0x3a19</load_address>
         <run_address>0x3a19</run_address>
         <size>0x2c5</size>
         <input_file_ref idref="fl-2"/>
      </object_component>
      <object_component id="oc-185">
         <name>.debug_info</name>
         <load_address>0x3cde</load_address>
         <run_address>0x3cde</run_address>
         <size>0x1a2</size>
         <input_file_ref idref="fl-2"/>
      </object_component>
      <object_component id="oc-1a3">
         <name>.debug_info</name>
         <load_address>0x3e80</load_address>
         <run_address>0x3e80</run_address>
         <size>0x1a0</size>
         <input_file_ref idref="fl-2"/>
      </object_component>
      <object_component id="oc-240">
         <name>.debug_info</name>
         <load_address>0x4020</load_address>
         <run_address>0x4020</run_address>
         <size>0x70</size>
         <input_file_ref idref="fl-2"/>
      </object_component>
      <object_component id="oc-234">
         <name>.debug_info</name>
         <load_address>0x4090</load_address>
         <run_address>0x4090</run_address>
         <size>0x4c5</size>
         <input_file_ref idref="fl-2"/>
      </object_component>
      <object_component id="oc-1f0">
         <name>.debug_info</name>
         <load_address>0x4555</load_address>
         <run_address>0x4555</run_address>
         <size>0xe4</size>
         <input_file_ref idref="fl-2"/>
      </object_component>
      <object_component id="oc-51">
         <name>.debug_info</name>
         <load_address>0x4639</load_address>
         <run_address>0x4639</run_address>
         <size>0x84</size>
         <input_file_ref idref="fl-2"/>
      </object_component>
      <object_component id="oc-131">
         <name>.debug_info</name>
         <load_address>0x46bd</load_address>
         <run_address>0x46bd</run_address>
         <size>0x37d</size>
         <input_file_ref idref="fl-3"/>
      </object_component>
      <object_component id="oc-489">
         <name>.debug_info</name>
         <load_address>0x4a3a</load_address>
         <run_address>0x4a3a</run_address>
         <size>0x13b</size>
         <input_file_ref idref="fl-3"/>
      </object_component>
      <object_component id="oc-e3">
         <name>.debug_info</name>
         <load_address>0x4b75</load_address>
         <run_address>0x4b75</run_address>
         <size>0x148</size>
         <input_file_ref idref="fl-3"/>
      </object_component>
      <object_component id="oc-31d">
         <name>.debug_info</name>
         <load_address>0x4cbd</load_address>
         <run_address>0x4cbd</run_address>
         <size>0x1a2</size>
         <input_file_ref idref="fl-3"/>
      </object_component>
      <object_component id="oc-46d">
         <name>.debug_info</name>
         <load_address>0x4e5f</load_address>
         <run_address>0x4e5f</run_address>
         <size>0x197</size>
         <input_file_ref idref="fl-3"/>
      </object_component>
      <object_component id="oc-485">
         <name>.debug_info</name>
         <load_address>0x4ff6</load_address>
         <run_address>0x4ff6</run_address>
         <size>0x1c4</size>
         <input_file_ref idref="fl-3"/>
      </object_component>
      <object_component id="oc-5b0">
         <name>.debug_info</name>
         <load_address>0x51ba</load_address>
         <run_address>0x51ba</run_address>
         <size>0x1c9</size>
         <input_file_ref idref="fl-3"/>
      </object_component>
      <object_component id="oc-5b6">
         <name>.debug_info</name>
         <load_address>0x5383</load_address>
         <run_address>0x5383</run_address>
         <size>0x1de</size>
         <input_file_ref idref="fl-3"/>
      </object_component>
      <object_component id="oc-473">
         <name>.debug_info</name>
         <load_address>0x5561</load_address>
         <run_address>0x5561</run_address>
         <size>0x285</size>
         <input_file_ref idref="fl-3"/>
      </object_component>
      <object_component id="oc-479">
         <name>.debug_info</name>
         <load_address>0x57e6</load_address>
         <run_address>0x57e6</run_address>
         <size>0x27e</size>
         <input_file_ref idref="fl-3"/>
      </object_component>
      <object_component id="oc-47f">
         <name>.debug_info</name>
         <load_address>0x5a64</load_address>
         <run_address>0x5a64</run_address>
         <size>0x19b</size>
         <input_file_ref idref="fl-3"/>
      </object_component>
      <object_component id="oc-348">
         <name>.debug_info</name>
         <load_address>0x5bff</load_address>
         <run_address>0x5bff</run_address>
         <size>0x2dc</size>
         <input_file_ref idref="fl-3"/>
      </object_component>
      <object_component id="oc-8f">
         <name>.debug_info</name>
         <load_address>0x5edb</load_address>
         <run_address>0x5edb</run_address>
         <size>0x1ba</size>
         <input_file_ref idref="fl-3"/>
      </object_component>
      <object_component id="oc-41c">
         <name>.debug_info</name>
         <load_address>0x6095</load_address>
         <run_address>0x6095</run_address>
         <size>0x1c0</size>
         <input_file_ref idref="fl-3"/>
      </object_component>
      <object_component id="oc-5c0">
         <name>.debug_info</name>
         <load_address>0x6255</load_address>
         <run_address>0x6255</run_address>
         <size>0x1c5</size>
         <input_file_ref idref="fl-3"/>
      </object_component>
      <object_component id="oc-48e">
         <name>.debug_info</name>
         <load_address>0x641a</load_address>
         <run_address>0x641a</run_address>
         <size>0x249</size>
         <input_file_ref idref="fl-3"/>
      </object_component>
      <object_component id="oc-494">
         <name>.debug_info</name>
         <load_address>0x6663</load_address>
         <run_address>0x6663</run_address>
         <size>0x208</size>
         <input_file_ref idref="fl-3"/>
      </object_component>
      <object_component id="oc-352">
         <name>.debug_info</name>
         <load_address>0x686b</load_address>
         <run_address>0x686b</run_address>
         <size>0x2b8</size>
         <input_file_ref idref="fl-3"/>
      </object_component>
      <object_component id="oc-658">
         <name>.debug_info</name>
         <load_address>0x6b23</load_address>
         <run_address>0x6b23</run_address>
         <size>0x19d</size>
         <input_file_ref idref="fl-3"/>
[...]
      <symbol id="sm-42c">
         <name>u1</name>
         <value>0x20000a70</value>
         <object_component_ref idref="oc-9f"/>
      </symbol>
      <symbol id="sm-42d">
         <name>Kp</name>
         <value>0x20000a68</value>
         <object_component_ref idref="oc-9f"/>
      </symbol>
      <symbol id="sm-42e">
         <name>main</name>
         <value>0x2131</value>
         <object_component_ref idref="oc-d0"/>
      </symbol>
      <symbol id="sm-42f">
         <name>ConfigureUART</name>
         <value>0x550d</value>
         <object_component_ref idref="oc-172"/>
      </symbol>
      <symbol id="sm-430">
         <name>ConfigureQEI</name>
         <value>0x444d</value>
         <object_component_ref idref="oc-16c"/>
      </symbol>
      <symbol id="sm-431">
         <name>logger</name>
         <value>0x5435</value>
         <object_component_ref idref="oc-119"/>
      </symbol>
      <symbol id="sm-432">
         <name>ConfigureTimer0</name>
         <value>0x5229</value>
         <object_component_ref idref="oc-17e"/>
      </symbol>
      <symbol id="sm-433">
         <name>ConfigureMotorDirectionPin</name>
         <value>0x59b5</value>
         <object_component_ref idref="oc-166"/>
      </symbol>
      <symbol id="sm-434">
         <name>ConfigureMotorPWM</name>
         <value>0x4bc9</value>
         <object_component_ref idref="oc-160"/>
      </symbol>
      <symbol id="sm-435">
         <name>Timer0IntHandler</name>
         <value>0x5881</value>
         <object_component_ref idref="oc-42"/>
      </symbol>
      <symbol id="sm-436">
         <name>PositionControl</name>
         <value>0x4235</value>
         <object_component_ref idref="oc-99"/>
      </symbol>
      <symbol id="sm-437">
         <name>counter_sd</name>
         <value>0x20000a58</value>
         <object_component_ref idref="oc-9f"/>
      </symbol>
      <symbol id="sm-471">
         <name>ResetISR</name>
         <value>0x5d8f</value>
         <object_component_ref idref="oc-24"/>
      </symbol>
      <symbol id="sm-472">
         <name>g_pfnVectors</name>
         <value>0x0</value>
         <object_component_ref idref="oc-f"/>
      </symbol>
      <symbol id="sm-4f0">
         <name>UARTgets</name>
         <value>0x458d</value>
         <object_component_ref idref="oc-196"/>
      </symbol>
      <symbol id="sm-4f1">
         <name>UARTStdioConfig</name>
         <value>0x4fc5</value>
         <object_component_ref idref="oc-2d0"/>
      </symbol>
      <symbol id="sm-4f2">
         <name>UARTwrite</name>
         <value>0x535d</value>
         <object_component_ref idref="oc-35e"/>
      </symbol>
      <symbol id="sm-4f3">
         <name>UARTprintf</name>
         <value>0x5a41</value>
         <object_component_ref idref="oc-178"/>
      </symbol>
      <symbol id="sm-4f4">
         <name>UARTvprintf</name>
         <value>0x2579</value>
         <object_component_ref idref="oc-2d7"/>
      </symbol>
      <symbol id="sm-503">
         <name>__aeabi_uidivmod</name>
         <value>0x5595</value>
         <object_component_ref idref="oc-406"/>
      </symbol>
      <symbol id="sm-504">
         <name>__aeabi_uidiv</name>
         <value>0x5595</value>
         <object_component_ref idref="oc-406"/>
      </symbol>
      <symbol id="sm-526">
         <name>__aeabi_cdcmpeq</name>
         <value>0x4875</value>
         <object_component_ref idref="oc-51b"/>
      </symbol>
      <symbol id="sm-527">
         <name>__aeabi_cdcmple</name>
         <value>0x4875</value>
         <object_component_ref idref="oc-51b"/>
      </symbol>
      <symbol id="sm-528">
         <name>__aeabi_cdrcmple</name>
         <value>0x48fb</value>
         <object_component_ref idref="oc-109"/>
      </symbol>
      <symbol id="sm-533">
         <name>__aeabi_dmul</name>
         <value>0x3dd9</value>
         <object_component_ref idref="oc-104"/>
      </symbol>
      <symbol id="sm-53d">
         <name>__aeabi_d2iz</name>
         <value>0x54c5</value>
         <object_component_ref idref="oc-10e"/>
      </symbol>
      <symbol id="sm-547">
         <name>__aeabi_i2d</name>
         <value>0x57cd</value>
         <object_component_ref idref="oc-ff"/>
      </symbol>
      <symbol id="sm-55e">
         <name>__TI_zero_init</name>
         <value>0x5d09</value>
         <object_component_ref idref="oc-68"/>
      </symbol>
      <symbol id="sm-575">
         <name>__TI_decompress_none</name>
         <value>0x5ccb</value>
         <object_component_ref idref="oc-18"/>
      </symbol>
      <symbol id="sm-598">
         <name>__TI_decompress_lzss</name>
         <value>0x4d69</value>
         <object_component_ref idref="oc-12"/>
      </symbol>
      <symbol id="sm-5ab">
         <name>__stack</name>
         <value>0x20000000</value>
         <object_component_ref idref="oc-21"/>
      </symbol>
      <symbol id="sm-5ac">
         <name>_c_int00_noargs</name>
         <value>0x5691</value>
         <object_component_ref idref="oc-74"/>
      </symbol>
      <symbol id="sm-5b7">
         <name>C$$EXIT</name>
         <value>0x5db3</value>
         <object_component_ref idref="oc-1b0"/>
      </symbol>
      <symbol id="sm-5b8">
         <name>abort</name>
         <value>0x5db3</value>
         <object_component_ref idref="oc-1b0"/>
      </symbol>
      <symbol id="sm-5e1">
         <name>sprintf</name>
         <value>0x55d5</value>
         <object_component_ref idref="oc-224"/>
      </symbol>
      <symbol id="sm-618">
         <name>sscanf</name>
         <value>0x5701</value>
         <object_component_ref idref="oc-19c"/>
      </symbol>
      <symbol id="sm-622">
         <name>__aeabi_idiv0</name>
         <value>0x417b</value>
         <object_component_ref idref="oc-56b"/>
      </symbol>
      <symbol id="sm-623">
         <name>__aeabi_ldiv0</name>
         <value>0x417b</value>
         <object_component_ref idref="oc-56b"/>
      </symbol>
      <symbol id="sm-632">
         <name>__aeabi_memset</name>
         <value>0x49ff</value>
         <object_component_ref idref="oc-c4"/>
      </symbol>
      <symbol id="sm-633">
         <name>memset</name>
         <value>0x4a05</value>
         <object_component_ref idref="oc-c4"/>
      </symbol>
      <symbol id="sm-634">
         <name>__aeabi_memset8</name>
         <value>0x49ff</value>
         <object_component_ref idref="oc-c4"/>
      </symbol>
      <symbol id="sm-635">
         <name>__aeabi_memset4</name>
         <value>0x49ff</value>
         <object_component_ref idref="oc-c4"/>
      </symbol>
      <symbol id="sm-636">
         <name>__aeabi_memclr8</name>
         <value>0x49fd</value>
         <object_component_ref idref="oc-c4"/>
      </symbol>
      <symbol id="sm-637">
         <name>__aeabi_memclr4</name>
         <value>0x49fd</value>
         <object_component_ref idref="oc-c4"/>
      </symbol>
      <symbol id="sm-638">
         <name>__aeabi_memclr</name>
         <value>0x49fd</value>
         <object_component_ref idref="oc-c4"/>
      </symbol>
      <symbol id="sm-653">
         <name>memcpy</name>
         <value>0x44f1</value>
         <object_component_ref idref="oc-56"/>
      </symbol>
      <symbol id="sm-654">
         <name>__aeabi_memcpy</name>
         <value>0x44f1</value>
         <object_component_ref idref="oc-56"/>
      </symbol>
      <symbol id="sm-655">
         <name>__aeabi_memcpy8</name>
         <value>0x44f1</value>
         <object_component_ref idref="oc-56"/>
      </symbol>
      <symbol id="sm-656">
         <name>__aeabi_memcpy4</name>
         <value>0x44f1</value>
         <object_component_ref idref="oc-56"/>
      </symbol>
      <symbol id="sm-67e">
         <name>__TI_auto_init_nobinit_nopinit</name>
         <value>0x5551</value>
         <object_component_ref idref="oc-1bc"/>
      </symbol>
      <symbol id="sm-688">
         <name>_system_pre_init</name>
         <value>0x5daf</value>
         <object_component_ref idref="oc-ca"/>
      </symbol>
      <symbol id="sm-7ee">
         <name>__TI_printfi</name>
         <value>0xcf9</value>
         <object_component_ref idref="oc-3af"/>
      </symbol>
      <symbol id="sm-89f">
         <name>__TI_scanfi</name>
         <value>0x209</value>
         <object_component_ref idref="oc-368"/>
      </symbol>
      <symbol id="sm-8b5">
         <name>atoi</name>
         <value>0x52c9</value>
         <object_component_ref idref="oc-4d0"/>
      </symbol>
      <symbol id="sm-8c0">
         <name>_ctypes_</name>
         <value>0x5f68</value>
         <object_component_ref idref="oc-4c7"/>
      </symbol>
      <symbol id="sm-8cf">
         <name>ltoa</name>
         <value>0x5131</value>
         <object_component_ref idref="oc-61a"/>
      </symbol>
      <symbol id="sm-8df">
         <name>memccpy</name>
         <value>0x5a25</value>
         <object_component_ref idref="oc-538"/>
      </symbol>
      <symbol id="sm-8ef">
         <name>strchr</name>
         <value>0x5ae9</value>
         <object_component_ref idref="oc-4dc"/>
      </symbol>
      <symbol id="sm-8fd">
         <name>strcpy</name>
         <value>0x5b65</value>
         <object_component_ref idref="oc-49e"/>
      </symbol>
      <symbol id="sm-90b">
         <name>strlen</name>
         <value>0x5b79</value>
         <object_component_ref idref="oc-4ca"/>
      </symbol>
      <symbol id="sm-91a">
         <name>strrchr</name>
         <value>0x5abb</value>
         <object_component_ref idref="oc-4d6"/>
      </symbol>
      <symbol id="sm-97a">
         <name>strtold</name>
         <value>0x1759</value>
         <object_component_ref idref="oc-4b0"/>
      </symbol>
      <symbol id="sm-97b">
         <name>strtod</name>
         <value>0x1759</value>
         <object_component_ref idref="oc-4b0"/>
      </symbol>
      <symbol id="sm-99f">
         <name>strtol</name>
         <value>0x3735</value>
         <object_component_ref idref="oc-4bb"/>
      </symbol>
      <symbol id="sm-9c5">
         <name>strtoll</name>
         <value>0x2765</value>
         <object_component_ref idref="oc-4c1"/>
      </symbol>
      <symbol id="sm-9e5">
         <name>strtoul</name>
         <value>0x3cc9</value>
         <object_component_ref idref="oc-4aa"/>
      </symbol>
      <symbol id="sm-a08">
         <name>strtoull</name>
         <value>0x2e59</value>
         <object_component_ref idref="oc-4a4"/>
      </symbol>
      <symbol id="sm-a28">
         <name>frexpl</name>
         <value>0x4e9d</value>
         <object_component_ref idref="oc-63b"/>
      </symbol>
      <symbol id="sm-a29">
         <name>frexp</name>
         <value>0x4e9d</value>
         <object_component_ref idref="oc-63b"/>
      </symbol>
      <symbol id="sm-a46">
         <name>scalbn</name>
         <value>0x3bb9</value>
         <object_component_ref idref="oc-5e1"/>
      </symbol>
      <symbol id="sm-a47">
         <name>scalbnl</name>
         <value>0x3bb9</value>
         <object_component_ref idref="oc-5e1"/>
      </symbol>
      <symbol id="sm-a48">
         <name>ldexpl</name>
         <value>0x3bb9</value>
         <object_component_ref idref="oc-5e1"/>
      </symbol>
      <symbol id="sm-a49">
         <name>ldexp</name>
         <value>0x3bb9</value>
         <object_component_ref idref="oc-5e1"/>
      </symbol>
      <symbol id="sm-a53">
         <name>copysign</name>
         <value>0x5b3d</value>
         <object_component_ref idref="oc-673"/>
      </symbol>
      <symbol id="sm-a54">
         <name>copysignl</name>
         <value>0x5b3d</value>
         <object_component_ref idref="oc-673"/>
      </symbol>
      <symbol id="sm-a6d">
         <name>wcslen</name>
         <value>0x5c1d</value>
         <object_component_ref idref="oc-53e"/>
      </symbol>
      <symbol id="sm-a84">
         <name>__aeabi_dsub</name>
         <value>0x2b11</value>
         <object_component_ref idref="oc-5d7"/>
      </symbol>
      <symbol id="sm-a85">
         <name>__aeabi_dadd</name>
         <value>0x2b1b</value>
         <object_component_ref idref="oc-5d7"/>
      </symbol>
      <symbol id="sm-a99">
         <name>__aeabi_ddiv</name>
         <value>0x34cd</value>
         <object_component_ref idref="oc-5dc"/>
      </symbol>
      <symbol id="sm-aa5">
         <name>__aeabi_d2f</name>
         <value>0x4b5b</value>
         <object_component_ref idref="oc-4b6"/>
      </symbol>
      <symbol id="sm-aae">
         <name>__aeabi_lmul</name>
         <value>0x5aa3</value>
         <object_component_ref idref="oc-5c9"/>
      </symbol>
      <symbol id="sm-abb">
         <name>__aeabi_uldivmod</name>
         <value>0x46bd</value>
         <object_component_ref idref="oc-5ce"/>
      </symbol>
      <symbol id="sm-ad1">
         <name>__aeabi_errno_addr</name>
         <value>0x5d71</value>
         <object_component_ref idref="oc-544"/>
      </symbol>
      <symbol id="sm-ad2">
         <name>errno</name>
         <value>0x20000a80</value>
         <object_component_ref idref="oc-64b"/>
      </symbol>
      <symbol id="sm-b29">
         <name>GPIOPinTypePWM</name>
         <value>0x5b8d</value>
         <object_component_ref idref="oc-279"/>
      </symbol>
      <symbol id="sm-b2a">
         <name>GPIOPinConfigure</name>
         <value>0x5315</value>
         <object_component_ref idref="oc-273"/>
      </symbol>
      <symbol id="sm-b2b">
         <name>GPIOPinTypeUART</name>
         <value>0x5bb1</value>
         <object_component_ref idref="oc-2ca"/>
      </symbol>
      <symbol id="sm-b2c">
         <name>GPIOPinTypeGPIOOutput</name>
         <value>0x5a5b</value>
         <object_component_ref idref="oc-28c"/>
      </symbol>
      <symbol id="sm-b2d">
         <name>GPIODirModeSet</name>
         <value>0x5855</value>
         <object_component_ref idref="oc-3e5"/>
      </symbol>
      <symbol id="sm-b2e">
         <name>GPIOPinTypeQEI</name>
         <value>0x5b9f</value>
         <object_component_ref idref="oc-293"/>
      </symbol>
      <symbol id="sm-b2f">
         <name>GPIOPinWrite</name>
         <value>0x5d89</value>
         <object_component_ref idref="oc-1ff"/>
      </symbol>
      <symbol id="sm-b30">
         <name>GPIOPadConfigSet</name>
         <value>0x3603</value>
         <object_component_ref idref="oc-3eb"/>
      </symbol>
      <symbol id="sm-b60">
         <name>IntEnable</name>
         <value>0x4c99</value>
         <object_component_ref idref="oc-2f0"/>
      </symbol>
      <symbol id="sm-b61">
         <name>IntMasterEnable</name>
         <value>0x5c2f</value>
         <object_component_ref idref="oc-15a"/>
      </symbol>
      <symbol id="sm-b9e">
         <name>PWMGenPeriodSet</name>
         <value>0x5c3f</value>
         <object_component_ref idref="oc-285"/>
      </symbol>
      <symbol id="sm-b9f">
         <name>PWMGenDisable</name>
         <value>0x5ce5</value>
         <object_component_ref idref="oc-21d"/>
      </symbol>
      <symbol id="sm-ba0">
         <name>PWMPulseWidthSet</name>
         <value>0x5979</value>
         <object_component_ref idref="oc-20b"/>
      </symbol>
      <symbol id="sm-ba1">
         <name>PWMGenPeriodGet</name>
         <value>0x5bc3</value>
         <object_component_ref idref="oc-205"/>
      </symbol>
      <symbol id="sm-ba2">
         <name>PWMOutputState</name>
         <value>0x5bd5</value>
         <object_component_ref idref="oc-211"/>
      </symbol>
      <symbol id="sm-ba3">
         <name>PWMGenEnable</name>
         <value>0x5cf1</value>
         <object_component_ref idref="oc-217"/>
      </symbol>
      <symbol id="sm-ba4">
         <name>PWMGenConfigure</name>
         <value>0x58f5</value>
         <object_component_ref idref="oc-27f"/>
      </symbol>
      <symbol id="sm-c01">
         <name>QEIDirectionGet</name>
         <value>0x5caf</value>
         <object_component_ref idref="oc-f3"/>
      </symbol>
      <symbol id="sm-c02">
         <name>QEIPositionGet</name>
         <value>0x5d9b</value>
         <object_component_ref idref="oc-ed"/>
      </symbol>
      <symbol id="sm-c03">
         <name>QEIVelocityGet</name>
         <value>0x5da3</value>
         <object_component_ref idref="oc-f9"/>
      </symbol>
      <symbol id="sm-c04">
         <name>QEIVelocityConfigure</name>
         <value>0x5c4f</value>
         <object_component_ref idref="oc-2b1"/>
      </symbol>
      <symbol id="sm-c05">
         <name>QEIIntDisable</name>
         <value>0x5d41</value>
         <object_component_ref idref="oc-2a5"/>
      </symbol>
      <symbol id="sm-c06">
         <name>QEIDisable</name>
         <value>0x5d2d</value>
         <object_component_ref idref="oc-299"/>
      </symbol>
      <symbol id="sm-c07">
         <name>QEIVelocityDisable</name>
         <value>0x5d4b</value>
         <object_component_ref idref="oc-29f"/>
      </symbol>
      <symbol id="sm-c08">
         <name>QEIEnable</name>
         <value>0x5d37</value>
         <object_component_ref idref="oc-2b7"/>
      </symbol>
      <symbol id="sm-c09">
         <name>QEIPositionSet</name>
         <value>0x5d9f</value>
         <object_component_ref idref="oc-2bd"/>
      </symbol>
      <symbol id="sm-c0a">
         <name>QEIVelocityEnable</name>
         <value>0x5d55</value>
         <object_component_ref idref="oc-2c3"/>
      </symbol>
      <symbol id="sm-c0b">
         <name>QEIConfigure</name>
         <value>0x5ca1</value>
         <object_component_ref idref="oc-2ab"/>
      </symbol>
      <symbol id="sm-c86">
         <name>SysCtlDelay</name>
         <value>0x5d95</value>
         <object_component_ref idref="oc-1a8"/>
      </symbol>
      <symbol id="sm-c87">
         <name>SysCtlPeripheralEnable</name>
         <value>0x5739</value>
         <object_component_ref idref="oc-26d"/>
      </symbol>
      <symbol id="sm-c88">
         <name>SysCtlPWMClockSet</name>
         <value>0x5b01</value>
         <object_component_ref idref="oc-267"/>
      </symbol>
      <symbol id="sm-c89">
         <name>SysCtlClockFreqSet</name>
         <value>0x2379</value>
         <object_component_ref idref="oc-142"/>
      </symbol>
      <symbol id="sm-cac">
         <name>SysTickEnable</name>
         <value>0x5b15</value>
         <object_component_ref idref="oc-14e"/>
      </symbol>
      <symbol id="sm-cad">
         <name>SysTickIntEnable</name>
         <value>0x5b29</value>
         <object_component_ref idref="oc-154"/>
      </symbol>
      <symbol id="sm-cae">
         <name>SysTickPeriodSet</name>
         <value>0x5c61</value>
         <object_component_ref idref="oc-148"/>
      </symbol>
      <symbol id="sm-ce2">
         <name>TimerLoadSet</name>
         <value>0x5be7</value>
         <object_component_ref idref="oc-2ea"/>
      </symbol>
      <symbol id="sm-ce3">
         <name>TimerEnable</name>
         <value>0x5cbd</value>
         <object_component_ref idref="oc-2fc"/>
      </symbol>
      <symbol id="sm-ce4">
         <name>TimerIntEnable</name>
         <value>0x5d69</value>
         <object_component_ref idref="oc-2f6"/>
      </symbol>
      <symbol id="sm-ce5">
         <name>TimerConfigure</name>
         <value>0x4f65</value>
         <object_component_ref idref="oc-2e4"/>
      </symbol>
      <symbol id="sm-ce6">
         <name>TimerIntClear</name>
         <value>0x5dab</value>
         <object_component_ref idref="oc-93"/>
      </symbol>
      <symbol id="sm-cf0">
         <name>CPUcpsie</name>
         <value>0x5cd9</value>
         <object_component_ref idref="oc-260"/>
      </symbol>
      <symbol id="sm-cf1">
         <name>__TI_static_base__</name>
         <value>0x0</value>
      </symbol>
      <symbol id="sm-cf4">
         <name>__mpu_init</name>
         <value>0x0</value>
      </symbol>
      <symbol id="sm-cf5">
         <name>_system_post_cinit</name>
         <value>0x0</value>
      </symbol>
   </symbol_table>
   <title>Link successful</title>
</link_info>
