******************************************************************************
                  TI ARM Linker PC v18.1.2                     
******************************************************************************
>> Linked Mon Dec 21 18:48:28 2020

OUTPUT FILE NAME:   <motor_control_tiva1294.out>
ENTRY POINT SYMBOL: "_c_int00_noargs"  address: 00005691


MEMORY CONFIGURATION

         name            origin    length      used     unused   attr    fill
----------------------  --------  ---------  --------  --------  ----  --------
  FLASH                 00000000   00100000  0000634a  000f9cb6  R  X
  SRAM                  20000000   00040000  00000a82  0003f57e  RW X


SEGMENT ALLOCATION MAP

run origin  load origin   length   init length attrs members
----------  ----------- ---------- ----------- ----- -------
00000000    00000000    00006350   00006350    r-x
  00000000    00000000    00000208   00000208    r-- .intvecs
  00000208    00000208    00005bae   00005bae    r-x .text
  00005db8    00005db8    0000054c   0000054c    r-- .const
  00006308    00006308    00000048   00000048    r-- .cinit
20000000    20000000    00000a84   00000000    rw-
  20000000    20000000    000005e0   00000000    rw- .stack
  200005e0    200005e0    00000476   00000000    rw- .bss
  20000a58    20000a58    0000002c   00000000    rw- .data


SECTION ALLOCATION MAP

 output                                  attributes/
section   page    origin      length       input sections
--------  ----  ----------  ----------   ----------------
.intvecs   0    00000000    00000208     
                  00000000    00000208     tm4c1294ncpdt_startup_ccs.obj (.intvecs)

.text      0    00000208    00005bae     
                  00000208    00000af0     rtsv7M4_T_le_v4SPD16_eabi.lib : _scanfi.c.obj (.text:__TI_scanfi)
                  00000cf8    00000a5e                                   : _printfi.c.obj (.text:__TI_printfi)
                  00001756    00000002     tm4c1294ncpdt_startup_ccs.obj (.text:FaultISR)
                  00001758    00000460     rtsv7M4_T_le_v4SPD16_eabi.lib : strtod.c.obj (.text:strtod)
                  00001bb8    00000308     ff.obj (.text:chk_mounted)
                  00001ec0    00000270     rtsv7M4_T_le_v4SPD16_eabi.lib : _printfi.c.obj (.text:_pconv_a)
                  00002130    00000248     motor_control_201221.obj (.text:main)
                  00002378    00000200     driverlib.lib : sysctl.obj (.text:SysCtlClockFreqSet)
                  00002578    000001ea     uartstdio.obj (.text:UARTvprintf)
                  00002762    00000002     tm4c1294ncpdt_startup_ccs.obj (.text:IntDefaultHandler)
                  00002764    000001dc     rtsv7M4_T_le_v4SPD16_eabi.lib : strtoll.c.obj (.text:strtoll)
                  00002940    000001d0                                   : _printfi.c.obj (.text:_pconv_g)
                  00002b10    000001b6                                   : fd_add_t2.asm.obj (.text)
                  00002cc6    00000190     ff.obj (.text:f_write)
                  00002e56    00000002     tm4c1294ncpdt_startup_ccs.obj (.text:NmiSR)
                  00002e58    0000015c     rtsv7M4_T_le_v4SPD16_eabi.lib : strtoull.c.obj (.text:strtoull)
                  00002fb4    00000154     mmc-ek-tm4c1294xl.obj (.text:disk_ioctl)
                  00003108    00000148     ff.obj (.text:f_open)
                  00003250    00000140     mmc-ek-tm4c1294xl.obj (.text:disk_initialize)
                  00003390    0000013c     rtsv7M4_T_le_v4SPD16_eabi.lib : _printfi.c.obj (.text:_pconv_e)
                  000034cc    00000136                                   : fd_div_t2.asm.obj (.text)
                  00003602    00000132     driverlib.lib : gpio.obj (.text:GPIOPadConfigSet)
                  00003734    00000130     rtsv7M4_T_le_v4SPD16_eabi.lib : strtol.c.obj (.text:strtol)
                  00003864    00000123     ff.obj (.text:create_name)
                  00003987    00000001     --HOLE-- [fill = 0]
                  00003988    00000120     rtsv7M4_T_le_v4SPD16_eabi.lib : _printfi.c.obj (.text:fcvt)
                  00003aa8    00000110     mmc-ek-tm4c1294xl.obj (.text:power_on)
                  00003bb8    00000110     rtsv7M4_T_le_v4SPD16_eabi.lib : s_scalbn.c.obj (.text:scalbn)
                  00003cc8    00000110                                   : strtoul.c.obj (.text:strtoul)
                  00003dd8    000000fc                                   : fd_mul_t2.asm.obj (.text)
                  00003ed4    000000f8     ff.obj (.text:dir_next)
                  00003fcc    000000e2     ff.obj (.text:put_fat)
                  000040ae    000000cc     ff.obj (.text:get_fat)
                  0000417a    00000002     rtsv7M4_T_le_v4SPD16_eabi.lib : div0.asm.obj (.text)
                  0000417c    000000b8     mmc-ek-tm4c1294xl.obj (.text:disk_write)
                  00004234    000000b4     motor_control_201221.obj (.text:PositionControl)
                  000042e8    000000b1     rtsv7M4_T_le_v4SPD16_eabi.lib : _printfi.c.obj (.text:_ltostr)
                  00004399    00000001     --HOLE-- [fill = 0]
                  0000439a    000000b0     ff.obj (.text:sync_fs)
                  0000444a    00000002     --HOLE-- [fill = 0]
                  0000444c    000000a4     motor_control_201221.obj (.text:ConfigureQEI)
                  000044f0    0000009c     rtsv7M4_T_le_v4SPD16_eabi.lib : memcpy_t2.asm.obj (.text)
                  0000458c    00000098     uartstdio.obj (.text:UARTgets)
                  00004624    00000098     ff.obj (.text:create_chain)
                  000046bc    00000096     rtsv7M4_T_le_v4SPD16_eabi.lib : ull_div_t2.asm.obj (.text)
                  00004752    00000002     --HOLE-- [fill = 0]
                  00004754    00000090     mmc-ek-tm4c1294xl.obj (.text:disk_read)
                  000047e4    00000090     ff.obj (.text:f_sync)
                  00004874    00000086     rtsv7M4_T_le_v4SPD16_eabi.lib : fd_cmp_t2.asm.obj (.text:__aeabi_cdcmple)
                  000048fa    00000086                                   : fd_cmp_t2.asm.obj (.text:__aeabi_cdrcmple)
                  00004980    0000007c     ff.obj (.text:dir_sdi)
                  000049fc    0000007a     rtsv7M4_T_le_v4SPD16_eabi.lib : memset_t2.asm.obj (.text)
                  00004a76    00000002     --HOLE-- [fill = 0]
                  00004a78    00000074     ff.obj (.text:check_fs)
                  00004aec    0000006e     rtsv7M4_T_le_v4SPD16_eabi.lib : _printfi.c.obj (.text:_mcpy)
                  00004b5a    0000006e                                   : fd_tos_t2.asm.obj (.text)
                  00004bc8    00000068     motor_control_201221.obj (.text:ConfigureMotorPWM)
                  00004c30    00000068     motor_control_201221.obj (.text:DriveMotor)
                  00004c98    00000068     driverlib.lib : interrupt.obj (.text:IntEnable)
                  00004d00    00000068     rtsv7M4_T_le_v4SPD16_eabi.lib : sscanf.c.obj (.text:_chkmbc)
                  00004d68    00000068                                   : copy_decompress_lzss.c.obj (.text:decompress:lzss:__TI_decompress_lzss)
                  00004dd0    00000066     mmc-ek-tm4c1294xl.obj (.text:send_cmd)
                  00004e36    00000064     ff.obj (.text:follow_path)
                  00004e9a    00000002     --HOLE-- [fill = 0]
                  00004e9c    00000064     rtsv7M4_T_le_v4SPD16_eabi.lib : s_frexp.c.obj (.text:frexp)
                  00004f00    00000062     ff.obj (.text:remove_chain)
                  00004f62    00000002     --HOLE-- [fill = 0]
                  00004f64    00000060     driverlib.lib : timer.obj (.text:TimerConfigure)
                  00004fc4    00000060     uartstdio.obj (.text:UARTStdioConfig)
                  00005024    00000060     mmc-ek-tm4c1294xl.obj (.text:send_initial_clock_train)
                  00005084    00000056     rtsv7M4_T_le_v4SPD16_eabi.lib : _printfi.c.obj (.text:_pconv_f)
                  000050da    00000056     ff.obj (.text:sync_window)
                  00005130    00000054     rtsv7M4_T_le_v4SPD16_eabi.lib : ltoa.c.obj (.text:ltoa)
                  00005184    00000052                                   : _printfi.c.obj (.text:_ecpy)
                  000051d6    00000052     mmc-ek-tm4c1294xl.obj (.text:xmit_datablock)
                  00005228    00000050     motor_control_201221.obj (.text:ConfigureTimer0)
                  00005278    00000050     mmc-ek-tm4c1294xl.obj (.text:set_max_speed)
                  000052c8    0000004c     rtsv7M4_T_le_v4SPD16_eabi.lib : atoi.c.obj (.text:atoi)
                  00005314    00000048     driverlib.lib : gpio.obj (.text:GPIOPinConfigure)
                  0000535c    00000048     uartstdio.obj (.text:UARTwrite)
                  000053a4    00000048     driverlib.lib : sysctl.obj (.text:_SysCtlFrequencyGet)
                  000053ec    00000048     ff.obj (.text:dir_find)
                  00005434    00000048     motor_control_201221.obj (.text:logger)
                  0000547c    00000048     mmc-ek-tm4c1294xl.obj (.text:rcvr_datablock)
                  000054c4    00000048     rtsv7M4_T_le_v4SPD16_eabi.lib : fd_toi_t2.asm.obj (.text)
                  0000550c    00000044     motor_control_201221.obj (.text:ConfigureUART)
                  00005550    00000044     rtsv7M4_T_le_v4SPD16_eabi.lib : autoinit.c.obj (.text:__TI_auto_init_nobinit_nopinit:__TI_auto_init_nobinit_nopinit)
                  00005594    00000040                                   : u_divt2.asm.obj (.text)
                  000055d4    00000040                                   : sprintf.c.obj (.text:sprintf)
                  00005614    0000003e                                   : _printfi.c.obj (.text:_fcpy)
                  00005652    0000003e     ff.obj (.text:dir_alloc)
                  00005690    00000038     rtsv7M4_T_le_v4SPD16_eabi.lib : boot_cortex_m.c.obj (.text:_c_int00_noargs:_c_int00_noargs)
                  000056c8    00000038     ff.obj (.text:dir_register)
                  00005700    00000038     rtsv7M4_T_le_v4SPD16_eabi.lib : sscanf.c.obj (.text:sscanf)
                  00005738    00000034     driverlib.lib : sysctl.obj (.text:SysCtlPeripheralEnable)
                  0000576c    00000032     mmc-ek-tm4c1294xl.obj (.text:send_cmd12)
                  0000579e    0000002e     ff.obj (.text:move_window)
                  000057cc    0000002e     rtsv7M4_T_le_v4SPD16_eabi.lib : i_tofd_t2.asm.obj (.text)
                  000057fa    00000002     --HOLE-- [fill = 0]
                  000057fc    0000002c     ff.obj (.text:f_mount)
                  00005828    0000002c     mmc-ek-tm4c1294xl.obj (.text:rcvr_spi)
                  00005854    0000002a     driverlib.lib : gpio.obj (.text:GPIODirModeSet)
                  0000587e    00000002     --HOLE-- [fill = 0]
                  00005880    00000028     motor_control_201221.obj (.text:Timer0IntHandler)
                  000058a8    00000028     ff.obj (.text:validate)
                  000058d0    00000024     mmc-ek-tm4c1294xl.obj (.text:xmit_spi)
                  000058f4    00000022     driverlib.lib : pwm.obj (.text:PWMGenConfigure)
                  00005916    00000002     --HOLE-- [fill = 0]
                  00005918    00000020                   : sysctl.obj (.text:_SysCtlMemTimingGet)
                  00005938    00000020     mmc-ek-tm4c1294xl.obj (.text:disk_timerproc)
                  00005958    00000020     mmc-ek-tm4c1294xl.obj (.text:wait_ready)
                  00005978    0000001e     driverlib.lib : pwm.obj (.text:PWMPulseWidthSet)
                  00005996    0000001e     ff.obj (.text:ld_clust)
                  000059b4    0000001c     motor_control_201221.obj (.text:ConfigureMotorDirectionPin)
                  000059d0    0000001c     mmc-ek-tm4c1294xl.obj (.text:DESELECT)
                  000059ec    0000001c     mmc-ek-tm4c1294xl.obj (.text:SELECT)
                  00005a08    0000001c     ff.obj (.text:mem_cmp)
                  00005a24    0000001c     rtsv7M4_T_le_v4SPD16_eabi.lib : memccpy.c.obj (.text:memccpy)
                  00005a40    0000001a     uartstdio.obj (.text:UARTprintf)
                  00005a5a    00000018     driverlib.lib : gpio.obj (.text:GPIOPinTypeGPIOOutput)
                  00005a72    00000018     rtsv7M4_T_le_v4SPD16_eabi.lib : sprintf.c.obj (.text:_outs)
                  00005a8a    00000018     ff.obj (.text:clust2sect)
                  00005aa2    00000018     rtsv7M4_T_le_v4SPD16_eabi.lib : ll_mul_t2.asm.obj (.text)
                  00005aba    00000018                                   : strrchr.c.obj (.text:strrchr)
                  00005ad2    00000016     ff.obj (.text:mem_cpy)
                  00005ae8    00000016     rtsv7M4_T_le_v4SPD16_eabi.lib : strchr.c.obj (.text:strchr)
                  00005afe    00000002     --HOLE-- [fill = 0]
                  00005b00    00000014     driverlib.lib : sysctl.obj (.text:SysCtlPWMClockSet)
                  00005b14    00000014                   : systick.obj (.text:SysTickEnable)
                  00005b28    00000014                   : systick.obj (.text:SysTickIntEnable)
                  00005b3c    00000014     rtsv7M4_T_le_v4SPD16_eabi.lib : s_copysign.c.obj (.text:copysign)
                  00005b50    00000014     ff.obj (.text:mem_set)
                  00005b64    00000014     rtsv7M4_T_le_v4SPD16_eabi.lib : strcpy.c.obj (.text:strcpy)
                  00005b78    00000014                                   : strlen.c.obj (.text:strlen)
                  00005b8c    00000012     driverlib.lib : gpio.obj (.text:GPIOPinTypePWM)
                  00005b9e    00000012                   : gpio.obj (.text:GPIOPinTypeQEI)
                  00005bb0    00000012                   : gpio.obj (.text:GPIOPinTypeUART)
                  00005bc2    00000012                   : pwm.obj (.text:PWMGenPeriodGet)
                  00005bd4    00000012                   : pwm.obj (.text:PWMOutputState)
                  00005be6    00000012                   : timer.obj (.text:TimerLoadSet)
                  00005bf8    00000012     rtsv7M4_T_le_v4SPD16_eabi.lib : sscanf.c.obj (.text:_inpchar)
                  00005c0a    00000012     ff.obj (.text:chk_chr)
                  00005c1c    00000012     rtsv7M4_T_le_v4SPD16_eabi.lib : wcslen.c.obj (.text:wcslen)
                  00005c2e    00000010     driverlib.lib : interrupt.obj (.text:IntMasterEnable)
                  00005c3e    00000010                   : pwm.obj (.text:PWMGenPeriodSet)
                  00005c4e    00000010                   : qei.obj (.text:QEIVelocityConfigure)
                  00005c5e    00000002     --HOLE-- [fill = 0]
                  00005c60    00000010                   : systick.obj (.text:SysTickPeriodSet)
                  00005c70    00000010     mmc-ek-tm4c1294xl.obj (.text:disk_status)
                  00005c80    00000010     ff.obj (.text:f_close)
                  00005c90    00000010     ff.obj (.text:st_clust)
                  00005ca0    0000000e     driverlib.lib : qei.obj (.text:QEIConfigure)
                  00005cae    0000000e                   : qei.obj (.text:QEIDirectionGet)
                  00005cbc    0000000e                   : timer.obj (.text:TimerEnable)
                  00005cca    0000000e     rtsv7M4_T_le_v4SPD16_eabi.lib : copy_decompress_none.c.obj (.text:decompress:none:__TI_decompress_none)
                  00005cd8    0000000c     driverlib.lib : cpu.obj (.text:CPUcpsie)
                  00005ce4    0000000c                   : pwm.obj (.text:PWMGenDisable)
                  00005cf0    0000000c                   : pwm.obj (.text:PWMGenEnable)
                  00005cfc    0000000c     mmc-ek-tm4c1294xl.obj (.text:chk_power)
                  00005d08    0000000c     rtsv7M4_T_le_v4SPD16_eabi.lib : copy_zero_init.c.obj (.text:decompress:ZI:__TI_zero_init)
                  00005d14    0000000c     mmc-ek-tm4c1294xl.obj (.text:power_off)
                  00005d20    0000000c     mmc-ek-tm4c1294xl.obj (.text:rcvr_spi_m)
                  00005d2c    0000000a     driverlib.lib : qei.obj (.text:QEIDisable)
                  00005d36    0000000a                   : qei.obj (.text:QEIEnable)
                  00005d40    0000000a                   : qei.obj (.text:QEIIntDisable)
                  00005d4a    0000000a                   : qei.obj (.text:QEIVelocityDisable)
                  00005d54    0000000a                   : qei.obj (.text:QEIVelocityEnable)
                  00005d5e    0000000a     rtsv7M4_T_le_v4SPD16_eabi.lib : sprintf.c.obj (.text:_outc)
                  00005d68    00000008     driverlib.lib : timer.obj (.text:TimerIntEnable)
                  00005d70    00000008     rtsv7M4_T_le_v4SPD16_eabi.lib : errno.c.obj (.text:__aeabi_errno_addr)
                  00005d78    00000008                                   : sscanf.c.obj (.text:_uninpchar)
                  00005d80    00000008     mmc-ek-tm4c1294xl.obj (.text:get_fattime)
                  00005d88    00000006     driverlib.lib : gpio.obj (.text:GPIOPinWrite)
                  00005d8e    00000006     tm4c1294ncpdt_startup_ccs.obj (.text:ResetISR)
                  00005d94    00000006     driverlib.lib : sysctl.obj (.text:SysCtlDelay)
                  00005d9a    00000004                   : qei.obj (.text:QEIPositionGet)
                  00005d9e    00000004                   : qei.obj (.text:QEIPositionSet)
                  00005da2    00000004                   : qei.obj (.text:QEIVelocityGet)
                  00005da6    00000004     tm4c1294ncpdt_startup_ccs.obj (.text:SysTickHandler)
                  00005daa    00000004     driverlib.lib : timer.obj (.text:TimerIntClear)
                  00005dae    00000004     rtsv7M4_T_le_v4SPD16_eabi.lib : pre_init.c.obj (.text:_system_pre_init)
                  00005db2    00000004                                   : exit.c.obj (.text:abort:abort)

.const     0    00005db8    0000054c     
                  00005db8    000001b0     driverlib.lib : sysctl.obj (.const:g_pppui32XTALtoVCO)
                  00005f68    00000101     rtsv7M4_T_le_v4SPD16_eabi.lib : ctype.c.obj (.const:.string:_ctypes_)
                  00006069    00000007     --HOLE-- [fill = 0]
                  00006070    000000c8                                   : strtod.c.obj (.const:$O1$$)
                  00006138    00000090     driverlib.lib : gpio.obj (.const:g_pui32GPIOBaseAddrs)
                  000061c8    00000070                   : interrupt.obj (.const)
                  00006238    0000006c                   : sysctl.obj (.const:g_pui32Xtals)
                  000062a4    00000030                   : sysctl.obj (.const:g_sXTALtoMEMTIM)
                  000062d4    00000010     rtsv7M4_T_le_v4SPD16_eabi.lib : _scanfi.c.obj (.const:$O1$$)
                  000062e4    0000000c     uartstdio.obj (.const:g_ui32UARTBase)
                  000062f0    0000000c     uartstdio.obj (.const:g_ui32UARTPeriph)
                  000062fc    00000008     driverlib.lib : sysctl.obj (.const)

.cinit     0    00006308    00000048     
                  00006308    0000001d     (.cinit..data.load) [load image, compression = lzss]
                  00006325    00000003     --HOLE-- [fill = 0]
                  00006328    0000000c     (__TI_handler_table)
                  00006334    00000004     --HOLE-- [fill = 0]
                  00006338    00000008     (.cinit..bss.load) [load image, compression = zero_init]
                  00006340    00000010     (__TI_cinit_table)

.init_array 
*          0    00000000    00000000     UNINITIALIZED

.bss       0    200005e0    00000476     UNINITIALIZED
                  200005e0    00000234     motor_control_201221.obj (.bss:g_sFatFs)
                  20000814    00000224     (.common:fil)
                  20000a38    00000004     ff.obj (.bss:FatFs)
                  20000a3c    00000004     (.common:Direction)
                  20000a40    00000004     (.common:Position)
                  20000a44    00000004     (.common:Velocity)
                  20000a48    00000004     (.common:count)
                  20000a4c    00000004     (.common:g_ui32SysClock)
                  20000a50    00000003     mmc-ek-tm4c1294xl.obj (.bss)
                  20000a53    00000001     (.common:iFResult)
                  20000a54    00000002     ff.obj (.bss)

.data      0    20000a58    0000002c     UNINITIALIZED
                  20000a58    00000020     motor_control_201221.obj (.data)
                  20000a78    00000005     uartstdio.obj (.data)
                  20000a7d    00000002     mmc-ek-tm4c1294xl.obj (.data)
                  20000a7f    00000001     --HOLE--
                  20000a80    00000004     rtsv7M4_T_le_v4SPD16_eabi.lib : errno.c.obj (.data)

.stack     0    20000000    000005e0     UNINITIALIZED
                  20000000    00000004     rtsv7M4_T_le_v4SPD16_eabi.lib : boot_cortex_m.c.obj (.stack)
                  20000004    000005dc     --HOLE--

MODULE SUMMARY

       Module                          code    ro data   rw data
       ------                          ----    -------   -------
    .\
       ff.obj                          3963    0         6      
       motor_control_201221.obj        1424    0         1165   
       mmc-ek-tm4c1294xl.obj           2002    0         5      
       uartstdio.obj                   836     24        5      
       tm4c1294ncpdt_startup_ccs.obj   16      520       0      
    +--+-------------------------------+-------+---------+---------+
       Total:                          8241    544       1181   
                                                                
    C:\ti\ccsv8\tools\compiler\ti-cgt-arm_18.1.2.LTS\lib\rtsv7M4_T_le_v4SPD16_eabi.lib
       _printfi.c.obj                  4863    0         0      
       _scanfi.c.obj                   2800    16        0      
       strtod.c.obj                    1120    200       0      
       strtoll.c.obj                   476     0         0      
       fd_add_t2.asm.obj               438     0         0      
       strtoull.c.obj                  348     0         0      
       fd_div_t2.asm.obj               310     0         0      
       strtol.c.obj                    304     0         0      
       s_scalbn.c.obj                  272     0         0      
       strtoul.c.obj                   272     0         0      
       fd_cmp_t2.asm.obj               268     0         0      
       ctype.c.obj                     0       257       0      
       fd_mul_t2.asm.obj               252     0         0      
       sscanf.c.obj                    186     0         0      
       memcpy_t2.asm.obj               156     0         0      
       ull_div_t2.asm.obj              150     0         0      
       memset_t2.asm.obj               122     0         0      
       fd_tos_t2.asm.obj               110     0         0      
       copy_decompress_lzss.c.obj      104     0         0      
       s_frexp.c.obj                   100     0         0      
       sprintf.c.obj                   98      0         0      
       ltoa.c.obj                      84      0         0      
       atoi.c.obj                      76      0         0      
       fd_toi_t2.asm.obj               72      0         0      
       autoinit.c.obj                  68      0         0      
       u_divt2.asm.obj                 64      0         0      
       boot_cortex_m.c.obj             56      0         0      
       i_tofd_t2.asm.obj               46      0         0      
       memccpy.c.obj                   28      0         0      
       ll_mul_t2.asm.obj               24      0         0      
       strrchr.c.obj                   24      0         0      
       strchr.c.obj                    22      0         0      
       s_copysign.c.obj                20      0         0      
       strcpy.c.obj                    20      0         0      
       strlen.c.obj                    20      0         0      
       wcslen.c.obj                    18      0         0      
       copy_decompress_none.c.obj      14      0         0      
       copy_zero_init.c.obj            12      0         0      
       errno.c.obj                     8       0         4      
       exit.c.obj                      4       0         0      
       pre_init.c.obj                  4       0         0      
       div0.asm.obj                    2       0         0      
    +--+-------------------------------+-------+---------+---------+
       Total:                          13435   473       4      
                                                                
    D:/tivaware/driverlib/ccs/Debug/driverlib.lib
       sysctl.obj                      694     596       0      
       gpio.obj                        504     144       0      
       interrupt.obj                   120     112       0      
       pwm.obj                         140     0         0      
       timer.obj                       140     0         0      
       qei.obj                         106     0         0      
       systick.obj                     56      0         0      
       cpu.obj                         12      0         0      
    +--+-------------------------------+-------+---------+---------+
       Total:                          1772    852       0      
                                                                
       Stack:                          0       0         1504   
       Linker Generated:               0       65        0      
    +--+-------------------------------+-------+---------+---------+
       Grand Total:                    23448   1934      2689   


LINKER GENERATED COPY TABLES

__TI_cinit_table @ 00006340 records: 2, size/record: 8, table size: 16
	.data: load addr=00006308, load size=0000001d bytes, run addr=20000a58, run size=0000002c bytes, compression=lzss
	.bss: load addr=00006338, load size=00000008 bytes, run addr=200005e0, run size=00000476 bytes, compression=zero_init


LINKER GENERATED HANDLER TABLE

__TI_handler_table @ 00006328 records: 3, size/record: 4, table size: 12
	index: 0, handler: __TI_decompress_lzss
	index: 1, handler: __TI_decompress_none
	index: 2, handler: __TI_zero_init


GLOBAL SYMBOLS: SORTED ALPHABETICALLY BY Name 

address   name                          
-------   ----                          
00005db3  C$$EXIT                       
00005cd9  CPUcpsie                      
000059b5  ConfigureMotorDirectionPin    
00004bc9  ConfigureMotorPWM             
0000444d  ConfigureQEI                  
00005229  ConfigureTimer0               
0000550d  ConfigureUART                 
20000a3c  Direction                     
00004c31  DriveMotor                    
00005855  GPIODirModeSet                
00003603  GPIOPadConfigSet              
00005315  GPIOPinConfigure              
00005a5b  GPIOPinTypeGPIOOutput         
00005b8d  GPIOPinTypePWM                
00005b9f  GPIOPinTypeQEI                
00005bb1  GPIOPinTypeUART               
00005d89  GPIOPinWrite                  
00004c99  IntEnable                     
00005c2f  IntMasterEnable               
20000a68  Kp                            
000058f5  PWMGenConfigure               
00005ce5  PWMGenDisable                 
00005cf1  PWMGenEnable                  
00005bc3  PWMGenPeriodGet               
00005c3f  PWMGenPeriodSet               
00005bd5  PWMOutputState                
00005979  PWMPulseWidthSet              
20000a40  Position                      
00004235  PositionControl               
00005ca1  QEIConfigure                  
00005caf  QEIDirectionGet               
00005d2d  QEIDisable                    
00005d37  QEIEnable                     
00005d41  QEIIntDisable                 
00005d9b  QEIPositionGet                
00005d9f  QEIPositionSet                
00005c4f  QEIVelocityConfigure          
00005d4b  QEIVelocityDisable            
00005d55  QEIVelocityEnable             
00005da3  QEIVelocityGet                
00005d8f  ResetISR                      
20000a60  Setpoint                      
20000a5c  Step                          
00002379  SysCtlClockFreqSet            
00005d95  SysCtlDelay                   
00005b01  SysCtlPWMClockSet             
00005739  SysCtlPeripheralEnable        
00005b15  SysTickEnable                 
00005b29  SysTickIntEnable              
00005c61  SysTickPeriodSet              
00005881  Timer0IntHandler              
00004f65  TimerConfigure                
00005cbd  TimerEnable                   
00005dab  TimerIntClear                 
00005d69  TimerIntEnable                
00005be7  TimerLoadSet                  
00004fc5  UARTStdioConfig               
0000458d  UARTgets                      
00005a41  UARTprintf                    
00002579  UARTvprintf                   
0000535d  UARTwrite                     
20000a44  Velocity                      
200005e0  __STACK_END                   
000005e0  __STACK_SIZE                  
20000100  __STACK_TOP                   
00006340  __TI_CINIT_Base               
00006350  __TI_CINIT_Limit              
00006328  __TI_Handler_Table_Base       
00006334  __TI_Handler_Table_Limit      
00005551  __TI_auto_init_nobinit_nopinit
00004d69  __TI_decompress_lzss          
00005ccb  __TI_decompress_none          
ffffffff  __TI_pprof_out_hndl           
00000cf9  __TI_printfi                  
ffffffff  __TI_prof_data_size           
ffffffff  __TI_prof_data_start          
00000209  __TI_scanfi                   
00000000  __TI_static_base__            
00005d09  __TI_zero_init                
00004875  __aeabi_cdcmpeq               
00004875  __aeabi_cdcmple               
000048fb  __aeabi_cdrcmple              
00004b5b  __aeabi_d2f                   
000054c5  __aeabi_d2iz                  
00002b1b  __aeabi_dadd                  
000034cd  __aeabi_ddiv                  
00003dd9  __aeabi_dmul                  
00002b11  __aeabi_dsub                  
00005d71  __aeabi_errno_addr            
000057cd  __aeabi_i2d                   
0000417b  __aeabi_idiv0                 
0000417b  __aeabi_ldiv0                 
00005aa3  __aeabi_lmul                  
000049fd  __aeabi_memclr                
000049fd  __aeabi_memclr4               
000049fd  __aeabi_memclr8               
000044f1  __aeabi_memcpy                
000044f1  __aeabi_memcpy4               
000044f1  __aeabi_memcpy8               
000049ff  __aeabi_memset                
000049ff  __aeabi_memset4               
000049ff  __aeabi_memset8               
00005595  __aeabi_uidiv                 
00005595  __aeabi_uidivmod              
000046bd  __aeabi_uldivmod              
ffffffff  __binit__                     
ffffffff  __c_args__                    
UNDEFED   __mpu_init                    
20000000  __stack                       
00005691  _c_int00_noargs               
00005f68  _ctypes_                      
UNDEFED   _system_post_cinit            
00005daf  _system_pre_init              
00005db3  abort                         
000052c9  atoi                          
ffffffff  binit                         
00005a8b  clust2sect                    
00005b3d  copysign                      
00005b3d  copysignl                     
20000a48  count                         
20000a58  counter_sd                    
00003251  disk_initialize               
00002fb5  disk_ioctl                    
00004755  disk_read                     
00005c71  disk_status                   
00005939  disk_timerproc                
0000417d  disk_write                    
20000a80  errno                         
20000a64  error                         
00005c81  f_close                       
000057fd  f_mount                       
00003109  f_open                        
000047e5  f_sync                        
00002cc7  f_write                       
20000814  fil                           
00004e9d  frexp                         
00004e9d  frexpl                        
00000000  g_pfnVectors                  
20000a4c  g_ui32SysClock                
000040af  get_fat                       
00005d81  get_fattime                   
20000a53  iFResult                      
00003bb9  ldexp                         
00003bb9  ldexpl                        
00005435  logger                        
00005131  ltoa                          
00002131  main                          
00005a25  memccpy                       
000044f1  memcpy                        
00004a05  memset                        
00003fcd  put_fat                       
00003bb9  scalbn                        
00003bb9  scalbnl                       
000055d5  sprintf                       
00005701  sscanf                        
00005ae9  strchr                        
00005b65  strcpy                        
00005b79  strlen                        
00005abb  strrchr                       
00001759  strtod                        
00003735  strtol                        
00001759  strtold                       
00002765  strtoll                       
00003cc9  strtoul                       
00002e59  strtoull                      
20000a70  u1                            
00005c1d  wcslen                        


GLOBAL SYMBOLS: SORTED BY Symbol Address 

address   name                          
-------   ----                          
00000000  __TI_static_base__            
00000000  g_pfnVectors                  
00000209  __TI_scanfi                   
000005e0  __STACK_SIZE                  
00000cf9  __TI_printfi                  
00001759  strtod                        
00001759  strtold                       
00002131  main                          
00002379  SysCtlClockFreqSet            
00002579  UARTvprintf                   
00002765  strtoll                       
00002b11  __aeabi_dsub                  
00002b1b  __aeabi_dadd                  
00002cc7  f_write                       
00002e59  strtoull                      
00002fb5  disk_ioctl                    
00003109  f_open                        
00003251  disk_initialize               
000034cd  __aeabi_ddiv                  
00003603  GPIOPadConfigSet              
00003735  strtol                        
00003bb9  ldexp                         
00003bb9  ldexpl                        
00003bb9  scalbn                        
00003bb9  scalbnl                       
00003cc9  strtoul                       
00003dd9  __aeabi_dmul                  
00003fcd  put_fat                       
000040af  get_fat                       
0000417b  __aeabi_idiv0                 
0000417b  __aeabi_ldiv0                 
0000417d  disk_write                    
00004235  PositionControl               
0000444d  ConfigureQEI                  
000044f1  __aeabi_memcpy                
000044f1  __aeabi_memcpy4               
000044f1  __aeabi_memcpy8               
000044f1  memcpy                        
0000458d  UARTgets                      
000046bd  __aeabi_uldivmod              
00004755  disk_read                     
000047e5  f_sync                        
00004875  __aeabi_cdcmpeq               
00004875  __aeabi_cdcmple               
000048fb  __aeabi_cdrcmple              
000049fd  __aeabi_memclr                
000049fd  __aeabi_memclr4               
000049fd  __aeabi_memclr8               
000049ff  __aeabi_memset                
000049ff  __aeabi_memset4               
000049ff  __aeabi_memset8               
00004a05  memset                        
00004b5b  __aeabi_d2f                   
00004bc9  ConfigureMotorPWM             
00004c31  DriveMotor                    
00004c99  IntEnable                     
00004d69  __TI_decompress_lzss          
00004e9d  frexp                         
00004e9d  frexpl                        
00004f65  TimerConfigure                
00004fc5  UARTStdioConfig               
00005131  ltoa                          
00005229  ConfigureTimer0               
000052c9  atoi                          
00005315  GPIOPinConfigure              
0000535d  UARTwrite                     
00005435  logger                        
000054c5  __aeabi_d2iz                  
0000550d  ConfigureUART                 
00005551  __TI_auto_init_nobinit_nopinit
00005595  __aeabi_uidiv                 
00005595  __aeabi_uidivmod              
000055d5  sprintf                       
00005691  _c_int00_noargs               
00005701  sscanf                        
00005739  SysCtlPeripheralEnable        
000057cd  __aeabi_i2d                   
000057fd  f_mount                       
00005855  GPIODirModeSet                
00005881  Timer0IntHandler              
000058f5  PWMGenConfigure               
00005939  disk_timerproc                
00005979  PWMPulseWidthSet              
000059b5  ConfigureMotorDirectionPin    
00005a25  memccpy                       
00005a41  UARTprintf                    
00005a5b  GPIOPinTypeGPIOOutput         
00005a8b  clust2sect                    
00005aa3  __aeabi_lmul                  
00005abb  strrchr                       
00005ae9  strchr                        
00005b01  SysCtlPWMClockSet             
00005b15  SysTickEnable                 
00005b29  SysTickIntEnable              
00005b3d  copysign                      
00005b3d  copysignl                     
00005b65  strcpy                        
00005b79  strlen                        
00005b8d  GPIOPinTypePWM                
00005b9f  GPIOPinTypeQEI                
00005bb1  GPIOPinTypeUART               
00005bc3  PWMGenPeriodGet               
00005bd5  PWMOutputState                
00005be7  TimerLoadSet                  
00005c1d  wcslen                        
00005c2f  IntMasterEnable               
00005c3f  PWMGenPeriodSet               
00005c4f  QEIVelocityConfigure          
00005c61  SysTickPeriodSet              
00005c71  disk_status                   
00005c81  f_close                       
00005ca1  QEIConfigure                  
00005caf  QEIDirectionGet               
00005cbd  TimerEnable                   
00005ccb  __TI_decompress_none          
00005cd9  CPUcpsie                      
00005ce5  PWMGenDisable                 
00005cf1  PWMGenEnable                  
00005d09  __TI_zero_init                
00005d2d  QEIDisable                    
00005d37  QEIEnable                     
00005d41  QEIIntDisable                 
00005d4b  QEIVelocityDisable            
00005d55  QEIVelocityEnable             
00005d69  TimerIntEnable                
00005d71  __aeabi_errno_addr            
00005d81  get_fattime                   
00005d89  GPIOPinWrite                  
00005d8f  ResetISR                      
00005d95  SysCtlDelay                   
00005d9b  QEIPositionGet                
00005d9f  QEIPositionSet                
00005da3  QEIVelocityGet                
00005dab  TimerIntClear                 
00005daf  _system_pre_init              
00005db3  C$$EXIT                       
00005db3  abort                         
00005f68  _ctypes_                      
00006328  __TI_Handler_Table_Base       
00006334  __TI_Handler_Table_Limit      
00006340  __TI_CINIT_Base               
00006350  __TI_CINIT_Limit              
20000000  __stack                       
20000100  __STACK_TOP                   
200005e0  __STACK_END                   
20000814  fil                           
20000a3c  Direction                     
20000a40  Position                      
20000a44  Velocity                      
20000a48  count                         
20000a4c  g_ui32SysClock                
20000a53  iFResult                      
20000a58  counter_sd                    
20000a5c  Step                          
20000a60  Setpoint                      
20000a64  error                         
20000a68  Kp                            
20000a70  u1                            
20000a80  errno                         
ffffffff  __TI_pprof_out_hndl           
ffffffff  __TI_prof_data_size           
ffffffff  __TI_prof_data_start          
ffffffff  __binit__                     
ffffffff  __c_args__                    
ffffffff  binit                         
UNDEFED   __mpu_init                    
UNDEFED   _system_post_cinit            

[167 symbols]
